SQL> 
SQL> 
SQL> 
SQL> 
SQL> 
SQL> cl scr

SQL> select last_name
  2  from   employees;

LAST_NAME                                                                       
-------------------------                                                       
Abel                                                                            
Ande                                                                            
Atkinson                                                                        
Austin                                                                          
Baer                                                                            
Baida                                                                           
Banda                                                                           
Bates                                                                           
Bell                                                                            
Bernstein                                                                       
Bissot                                                                          

LAST_NAME                                                                       
-------------------------                                                       
Bloom                                                                           
Bull                                                                            
Cabrio                                                                          
Cambrault                                                                       
Cambrault                                                                       
Chen                                                                            
Chung                                                                           
Colmenares                                                                      
Davies                                                                          
De Haan                                                                         
Dellinger                                                                       

LAST_NAME                                                                       
-------------------------                                                       
Dilly                                                                           
Doran                                                                           
Ernst                                                                           
Errazuriz                                                                       
Everett                                                                         
Faviet                                                                          
Fay                                                                             
Feeney                                                                          
Fleaur                                                                          
Fox                                                                             
Fripp                                                                           

LAST_NAME                                                                       
-------------------------                                                       
Gates                                                                           
Gee                                                                             
Geoni                                                                           
Gietz                                                                           
Grant                                                                           
Grant                                                                           
Greenberg                                                                       
Greene                                                                          
Hall                                                                            
Hartstein                                                                       
Higgins                                                                         

LAST_NAME                                                                       
-------------------------                                                       
Himuro                                                                          
Hunold                                                                          
Hutton                                                                          
Johnson                                                                         
Jones                                                                           
Kaufling                                                                        
Khoo                                                                            
King                                                                            
King                                                                            
Kochhar                                                                         
Kumar                                                                           

LAST_NAME                                                                       
-------------------------                                                       
Ladwig                                                                          
Landry                                                                          
Lee                                                                             
Livingston                                                                      
Lorentz                                                                         
Mallin                                                                          
Markle                                                                          
Marlow                                                                          
Marvins                                                                         
Matos                                                                           
Mavris                                                                          

LAST_NAME                                                                       
-------------------------                                                       
McCain                                                                          
McEwen                                                                          
Mikkilineni                                                                     
Mourgos                                                                         
Nayer                                                                           
OConnell                                                                        
Olsen                                                                           
Olson                                                                           
Ozer                                                                            
Partners                                                                        
Pataballa                                                                       

LAST_NAME                                                                       
-------------------------                                                       
Patel                                                                           
Perkins                                                                         
Philtanker                                                                      
Popp                                                                            
Rajs                                                                            
Raphaely                                                                        
Rogers                                                                          
Russell                                                                         
Sarchand                                                                        
Sciarra                                                                         
Seo                                                                             

LAST_NAME                                                                       
-------------------------                                                       
Sewall                                                                          
Smith                                                                           
Smith                                                                           
Stiles                                                                          
Sullivan                                                                        
Sully                                                                           
Taylor                                                                          
Taylor                                                                          
Tobias                                                                          
Tucker                                                                          
Tuvault                                                                         

LAST_NAME                                                                       
-------------------------                                                       
Urman                                                                           
Vargas                                                                          
Vishney                                                                         
Vollman                                                                         
Walsh                                                                           
Weiss                                                                           
Whalen                                                                          
Zlotkey                                                                         

107 rows selected.

SQL> 
SQL> 
SQL> cl scr

SQL> col last_name for a15
SQL> 
SQL> 
SQL> cl scr

SQL> select last_name,
  2         upper(last_name)last_name,
  3         lower(last_name)last_name,
  4         initcap(last_name)last_name
  5  from   employees;

LAST_NAME       LAST_NAME       LAST_NAME       LAST_NAME                       
--------------- --------------- --------------- ---------------                 
Abel            ABEL            abel            Abel                            
Ande            ANDE            ande            Ande                            
Atkinson        ATKINSON        atkinson        Atkinson                        
Austin          AUSTIN          austin          Austin                          
Baer            BAER            baer            Baer                            
Baida           BAIDA           baida           Baida                           
Banda           BANDA           banda           Banda                           
Bates           BATES           bates           Bates                           
Bell            BELL            bell            Bell                            
Bernstein       BERNSTEIN       bernstein       Bernstein                       
Bissot          BISSOT          bissot          Bissot                          

LAST_NAME       LAST_NAME       LAST_NAME       LAST_NAME                       
--------------- --------------- --------------- ---------------                 
Bloom           BLOOM           bloom           Bloom                           
Bull            BULL            bull            Bull                            
Cabrio          CABRIO          cabrio          Cabrio                          
Cambrault       CAMBRAULT       cambrault       Cambrault                       
Cambrault       CAMBRAULT       cambrault       Cambrault                       
Chen            CHEN            chen            Chen                            
Chung           CHUNG           chung           Chung                           
Colmenares      COLMENARES      colmenares      Colmenares                      
Davies          DAVIES          davies          Davies                          
De Haan         DE HAAN         de haan         De Haan                         
Dellinger       DELLINGER       dellinger       Dellinger                       

LAST_NAME       LAST_NAME       LAST_NAME       LAST_NAME                       
--------------- --------------- --------------- ---------------                 
Dilly           DILLY           dilly           Dilly                           
Doran           DORAN           doran           Doran                           
Ernst           ERNST           ernst           Ernst                           
Errazuriz       ERRAZURIZ       errazuriz       Errazuriz                       
Everett         EVERETT         everett         Everett                         
Faviet          FAVIET          faviet          Faviet                          
Fay             FAY             fay             Fay                             
Feeney          FEENEY          feeney          Feeney                          
Fleaur          FLEAUR          fleaur          Fleaur                          
Fox             FOX             fox             Fox                             
Fripp           FRIPP           fripp           Fripp                           

LAST_NAME       LAST_NAME       LAST_NAME       LAST_NAME                       
--------------- --------------- --------------- ---------------                 
Gates           GATES           gates           Gates                           
Gee             GEE             gee             Gee                             
Geoni           GEONI           geoni           Geoni                           
Gietz           GIETZ           gietz           Gietz                           
Grant           GRANT           grant           Grant                           
Grant           GRANT           grant           Grant                           
Greenberg       GREENBERG       greenberg       Greenberg                       
Greene          GREENE          greene          Greene                          
Hall            HALL            hall            Hall                            
Hartstein       HARTSTEIN       hartstein       Hartstein                       
Higgins         HIGGINS         higgins         Higgins                         

LAST_NAME       LAST_NAME       LAST_NAME       LAST_NAME                       
--------------- --------------- --------------- ---------------                 
Himuro          HIMURO          himuro          Himuro                          
Hunold          HUNOLD          hunold          Hunold                          
Hutton          HUTTON          hutton          Hutton                          
Johnson         JOHNSON         johnson         Johnson                         
Jones           JONES           jones           Jones                           
Kaufling        KAUFLING        kaufling        Kaufling                        
Khoo            KHOO            khoo            Khoo                            
King            KING            king            King                            
King            KING            king            King                            
Kochhar         KOCHHAR         kochhar         Kochhar                         
Kumar           KUMAR           kumar           Kumar                           

LAST_NAME       LAST_NAME       LAST_NAME       LAST_NAME                       
--------------- --------------- --------------- ---------------                 
Ladwig          LADWIG          ladwig          Ladwig                          
Landry          LANDRY          landry          Landry                          
Lee             LEE             lee             Lee                             
Livingston      LIVINGSTON      livingston      Livingston                      
Lorentz         LORENTZ         lorentz         Lorentz                         
Mallin          MALLIN          mallin          Mallin                          
Markle          MARKLE          markle          Markle                          
Marlow          MARLOW          marlow          Marlow                          
Marvins         MARVINS         marvins         Marvins                         
Matos           MATOS           matos           Matos                           
Mavris          MAVRIS          mavris          Mavris                          

LAST_NAME       LAST_NAME       LAST_NAME       LAST_NAME                       
--------------- --------------- --------------- ---------------                 
McCain          MCCAIN          mccain          Mccain                          
McEwen          MCEWEN          mcewen          Mcewen                          
Mikkilineni     MIKKILINENI     mikkilineni     Mikkilineni                     
Mourgos         MOURGOS         mourgos         Mourgos                         
Nayer           NAYER           nayer           Nayer                           
OConnell        OCONNELL        oconnell        Oconnell                        
Olsen           OLSEN           olsen           Olsen                           
Olson           OLSON           olson           Olson                           
Ozer            OZER            ozer            Ozer                            
Partners        PARTNERS        partners        Partners                        
Pataballa       PATABALLA       pataballa       Pataballa                       

LAST_NAME       LAST_NAME       LAST_NAME       LAST_NAME                       
--------------- --------------- --------------- ---------------                 
Patel           PATEL           patel           Patel                           
Perkins         PERKINS         perkins         Perkins                         
Philtanker      PHILTANKER      philtanker      Philtanker                      
Popp            POPP            popp            Popp                            
Rajs            RAJS            rajs            Rajs                            
Raphaely        RAPHAELY        raphaely        Raphaely                        
Rogers          ROGERS          rogers          Rogers                          
Russell         RUSSELL         russell         Russell                         
Sarchand        SARCHAND        sarchand        Sarchand                        
Sciarra         SCIARRA         sciarra         Sciarra                         
Seo             SEO             seo             Seo                             

LAST_NAME       LAST_NAME       LAST_NAME       LAST_NAME                       
--------------- --------------- --------------- ---------------                 
Sewall          SEWALL          sewall          Sewall                          
Smith           SMITH           smith           Smith                           
Smith           SMITH           smith           Smith                           
Stiles          STILES          stiles          Stiles                          
Sullivan        SULLIVAN        sullivan        Sullivan                        
Sully           SULLY           sully           Sully                           
Taylor          TAYLOR          taylor          Taylor                          
Taylor          TAYLOR          taylor          Taylor                          
Tobias          TOBIAS          tobias          Tobias                          
Tucker          TUCKER          tucker          Tucker                          
Tuvault         TUVAULT         tuvault         Tuvault                         

LAST_NAME       LAST_NAME       LAST_NAME       LAST_NAME                       
--------------- --------------- --------------- ---------------                 
Urman           URMAN           urman           Urman                           
Vargas          VARGAS          vargas          Vargas                          
Vishney         VISHNEY         vishney         Vishney                         
Vollman         VOLLMAN         vollman         Vollman                         
Walsh           WALSH           walsh           Walsh                           
Weiss           WEISS           weiss           Weiss                           
Whalen          WHALEN          whalen          Whalen                          
Zlotkey         ZLOTKEY         zlotkey         Zlotkey                         

107 rows selected.

SQL> 
SQL> 
SQL> 
SQL> 
SQL> 
SQL> 
SQL> cl scr

SQL> select salary
  2  from   employees;

    SALARY                                                                      
----------                                                                      
     24000                                                                      
     17000                                                                      
     17000                                                                      
      9000                                                                      
      6000                                                                      
      4800                                                                      
      4800                                                                      
      4200                                                                      
     12008                                                                      
      9000                                                                      
      8200                                                                      

    SALARY                                                                      
----------                                                                      
      7700                                                                      
      7800                                                                      
      6900                                                                      
     11000                                                                      
      3100                                                                      
      2900                                                                      
      2800                                                                      
      2600                                                                      
      2500                                                                      
      8000                                                                      
      8200                                                                      

    SALARY                                                                      
----------                                                                      
      7900                                                                      
      6500                                                                      
      5800                                                                      
      3200                                                                      
      2700                                                                      
      2400                                                                      
      2200                                                                      
      3300                                                                      
      2800                                                                      
      2500                                                                      
      2100                                                                      

    SALARY                                                                      
----------                                                                      
      3300                                                                      
      2900                                                                      
      2400                                                                      
      2200                                                                      
      3600                                                                      
      3200                                                                      
      2700                                                                      
      2500                                                                      
      3500                                                                      
      3100                                                                      
      2600                                                                      

    SALARY                                                                      
----------                                                                      
      2500                                                                      
     14000                                                                      
     13500                                                                      
     12000                                                                      
     11000                                                                      
     10500                                                                      
     10000                                                                      
      9500                                                                      
      9000                                                                      
      8000                                                                      
      7500                                                                      

    SALARY                                                                      
----------                                                                      
      7000                                                                      
     10000                                                                      
      9500                                                                      
      9000                                                                      
      8000                                                                      
      7500                                                                      
      7000                                                                      
     10500                                                                      
      9500                                                                      
      7200                                                                      
      6800                                                                      

    SALARY                                                                      
----------                                                                      
      6400                                                                      
      6200                                                                      
     11500                                                                      
     10000                                                                      
      9600                                                                      
      7400                                                                      
      7300                                                                      
      6100                                                                      
     11000                                                                      
      8800                                                                      
      8600                                                                      

    SALARY                                                                      
----------                                                                      
      8400                                                                      
      7000                                                                      
      6200                                                                      
      3200                                                                      
      3100                                                                      
      2500                                                                      
      2800                                                                      
      4200                                                                      
      4100                                                                      
      3400                                                                      
      3000                                                                      

    SALARY                                                                      
----------                                                                      
      3800                                                                      
      3600                                                                      
      2900                                                                      
      2500                                                                      
      4000                                                                      
      3900                                                                      
      3200                                                                      
      2800                                                                      
      3100                                                                      
      3000                                                                      
      2600                                                                      

    SALARY                                                                      
----------                                                                      
      2600                                                                      
      4400                                                                      
     13000                                                                      
      6000                                                                      
      6500                                                                      
     10000                                                                      
     12008                                                                      
      8300                                                                      

107 rows selected.

SQL> select sum(salary)
  2  from   employees;

SUM(SALARY)                                                                     
-----------                                                                     
     691416                                                                     

SQL> select sum(salary)
  2  from   employees
  3  where  department_id=60;

SUM(SALARY)                                                                     
-----------                                                                     
      28800                                                                     

SQL> \
SP2-0042: unknown command "\" - rest of line ignored.
SQL> \\\\
SP2-0042: unknown command "\\\\" - rest of line ignored.
SQL> 
SQL> 
SQL> 
SQL> select employee_id,last_name,salary
  2  from   employees
  3  where  last_name=king;
where  last_name=king
                 *
ERROR at line 3:
ORA-00904: "KING": invalid identifier 


SQL> select employee_id,last_name,salary
  2  from   employees
  3  where  last_name='king';

no rows selected

SQL> select employee_id,last_name,salary
  2  from   employees
  3  where  last_name='King';

EMPLOYEE_ID LAST_NAME           SALARY                                          
----------- --------------- ----------                                          
        156 King                 10000                                          
        100 King                 24000                                          

SQL> select employee_id,last_name,salary
  2  from   employees
  3  where  lower(last_name)='king';

EMPLOYEE_ID LAST_NAME           SALARY                                          
----------- --------------- ----------                                          
        100 King                 24000                                          
        156 King                 10000                                          

SQL> 
SQL> 
SQL> cl scr

SQL> select employee_id,last_name,salary
  2  from   employees
  3  where  upper(last_name)='KING';

EMPLOYEE_ID LAST_NAME           SALARY                                          
----------- --------------- ----------                                          
        100 King                 24000                                          
        156 King                 10000                                          

SQL> select employee_id,last_name,salary
  2  from   employees
  3  where  upper(last_name)=upper('KiNg');

EMPLOYEE_ID LAST_NAME           SALARY                                          
----------- --------------- ----------                                          
        100 King                 24000                                          
        156 King                 10000                                          

SQL> select employee_id,last_name,salary
  2  from   employees
  3  where  lower(last_name)=lower('KiNg');

EMPLOYEE_ID LAST_NAME           SALARY                                          
----------- --------------- ----------                                          
        100 King                 24000                                          
        156 King                 10000                                          

SQL> select CONCAT('Hello', 'World')
  2  from   dual;

CONCAT('HE                                                                      
----------                                                                      
HelloWorld                                                                      

SQL> 
SQL> 
SQL> cl scr

SQL> desc dual;
 Name                                      Null?    Type
 ----------------------------------------- -------- ----------------------------
 DUMMY                                              VARCHAR2(1)

SQL> cl scr

SQL> select SUBSTR('HelloWorld',1,5)
  2  from   dual;

SUBST                                                                           
-----                                                                           
Hello                                                                           

SQL> select SUBSTR('HelloWorld',4,4)
  2  from   dual;

SUBS                                                                            
----                                                                            
loWo                                                                            

SQL> select SUBSTR('HelloWorld',4,3)
  2  from   dual;

SUB                                                                             
---                                                                             
loW                                                                             

SQL> select INSTR('HelloWorld', 'W')
  2  from   dual;

INSTR('HELLOWORLD','W')                                                         
-----------------------                                                         
                      6                                                         

SQL> select salary
  2  from   employees;

    SALARY                                                                      
----------                                                                      
     24000                                                                      
     17000                                                                      
     17000                                                                      
      9000                                                                      
      6000                                                                      
      4800                                                                      
      4800                                                                      
      4200                                                                      
     12008                                                                      
      9000                                                                      
      8200                                                                      

    SALARY                                                                      
----------                                                                      
      7700                                                                      
      7800                                                                      
      6900                                                                      
     11000                                                                      
      3100                                                                      
      2900                                                                      
      2800                                                                      
      2600                                                                      
      2500                                                                      
      8000                                                                      
      8200                                                                      

    SALARY                                                                      
----------                                                                      
      7900                                                                      
      6500                                                                      
      5800                                                                      
      3200                                                                      
      2700                                                                      
      2400                                                                      
      2200                                                                      
      3300                                                                      
      2800                                                                      
      2500                                                                      
      2100                                                                      

    SALARY                                                                      
----------                                                                      
      3300                                                                      
      2900                                                                      
      2400                                                                      
      2200                                                                      
      3600                                                                      
      3200                                                                      
      2700                                                                      
      2500                                                                      
      3500                                                                      
      3100                                                                      
      2600                                                                      

    SALARY                                                                      
----------                                                                      
      2500                                                                      
     14000                                                                      
     13500                                                                      
     12000                                                                      
     11000                                                                      
     10500                                                                      
     10000                                                                      
      9500                                                                      
      9000                                                                      
      8000                                                                      
      7500                                                                      

    SALARY                                                                      
----------                                                                      
      7000                                                                      
     10000                                                                      
      9500                                                                      
      9000                                                                      
      8000                                                                      
      7500                                                                      
      7000                                                                      
     10500                                                                      
      9500                                                                      
      7200                                                                      
      6800                                                                      

    SALARY                                                                      
----------                                                                      
      6400                                                                      
      6200                                                                      
     11500                                                                      
     10000                                                                      
      9600                                                                      
      7400                                                                      
      7300                                                                      
      6100                                                                      
     11000                                                                      
      8800                                                                      
      8600                                                                      

    SALARY                                                                      
----------                                                                      
      8400                                                                      
      7000                                                                      
      6200                                                                      
      3200                                                                      
      3100                                                                      
      2500                                                                      
      2800                                                                      
      4200                                                                      
      4100                                                                      
      3400                                                                      
      3000                                                                      

    SALARY                                                                      
----------                                                                      
      3800                                                                      
      3600                                                                      
      2900                                                                      
      2500                                                                      
      4000                                                                      
      3900                                                                      
      3200                                                                      
      2800                                                                      
      3100                                                                      
      3000                                                                      
      2600                                                                      

    SALARY                                                                      
----------                                                                      
      2600                                                                      
      4400                                                                      
     13000                                                                      
      6000                                                                      
      6500                                                                      
     10000                                                                      
     12008                                                                      
      8300                                                                      

107 rows selected.

SQL> 
SQL> cl scr

SQL> select salary,lpad(salary,8,'*')
  2  from   employees;

    SALARY LPAD(SALARY,8,'*')                                                   
---------- --------------------------------                                     
     24000 ***24000                                                             
     17000 ***17000                                                             
     17000 ***17000                                                             
      9000 ****9000                                                             
      6000 ****6000                                                             
      4800 ****4800                                                             
      4800 ****4800                                                             
      4200 ****4200                                                             
     12008 ***12008                                                             
      9000 ****9000                                                             
      8200 ****8200                                                             

    SALARY LPAD(SALARY,8,'*')                                                   
---------- --------------------------------                                     
      7700 ****7700                                                             
      7800 ****7800                                                             
      6900 ****6900                                                             
     11000 ***11000                                                             
      3100 ****3100                                                             
      2900 ****2900                                                             
      2800 ****2800                                                             
      2600 ****2600                                                             
      2500 ****2500                                                             
      8000 ****8000                                                             
      8200 ****8200                                                             

    SALARY LPAD(SALARY,8,'*')                                                   
---------- --------------------------------                                     
      7900 ****7900                                                             
      6500 ****6500                                                             
      5800 ****5800                                                             
      3200 ****3200                                                             
      2700 ****2700                                                             
      2400 ****2400                                                             
      2200 ****2200                                                             
      3300 ****3300                                                             
      2800 ****2800                                                             
      2500 ****2500                                                             
      2100 ****2100                                                             

    SALARY LPAD(SALARY,8,'*')                                                   
---------- --------------------------------                                     
      3300 ****3300                                                             
      2900 ****2900                                                             
      2400 ****2400                                                             
      2200 ****2200                                                             
      3600 ****3600                                                             
      3200 ****3200                                                             
      2700 ****2700                                                             
      2500 ****2500                                                             
      3500 ****3500                                                             
      3100 ****3100                                                             
      2600 ****2600                                                             

    SALARY LPAD(SALARY,8,'*')                                                   
---------- --------------------------------                                     
      2500 ****2500                                                             
     14000 ***14000                                                             
     13500 ***13500                                                             
     12000 ***12000                                                             
     11000 ***11000                                                             
     10500 ***10500                                                             
     10000 ***10000                                                             
      9500 ****9500                                                             
      9000 ****9000                                                             
      8000 ****8000                                                             
      7500 ****7500                                                             

    SALARY LPAD(SALARY,8,'*')                                                   
---------- --------------------------------                                     
      7000 ****7000                                                             
     10000 ***10000                                                             
      9500 ****9500                                                             
      9000 ****9000                                                             
      8000 ****8000                                                             
      7500 ****7500                                                             
      7000 ****7000                                                             
     10500 ***10500                                                             
      9500 ****9500                                                             
      7200 ****7200                                                             
      6800 ****6800                                                             

    SALARY LPAD(SALARY,8,'*')                                                   
---------- --------------------------------                                     
      6400 ****6400                                                             
      6200 ****6200                                                             
     11500 ***11500                                                             
     10000 ***10000                                                             
      9600 ****9600                                                             
      7400 ****7400                                                             
      7300 ****7300                                                             
      6100 ****6100                                                             
     11000 ***11000                                                             
      8800 ****8800                                                             
      8600 ****8600                                                             

    SALARY LPAD(SALARY,8,'*')                                                   
---------- --------------------------------                                     
      8400 ****8400                                                             
      7000 ****7000                                                             
      6200 ****6200                                                             
      3200 ****3200                                                             
      3100 ****3100                                                             
      2500 ****2500                                                             
      2800 ****2800                                                             
      4200 ****4200                                                             
      4100 ****4100                                                             
      3400 ****3400                                                             
      3000 ****3000                                                             

    SALARY LPAD(SALARY,8,'*')                                                   
---------- --------------------------------                                     
      3800 ****3800                                                             
      3600 ****3600                                                             
      2900 ****2900                                                             
      2500 ****2500                                                             
      4000 ****4000                                                             
      3900 ****3900                                                             
      3200 ****3200                                                             
      2800 ****2800                                                             
      3100 ****3100                                                             
      3000 ****3000                                                             
      2600 ****2600                                                             

    SALARY LPAD(SALARY,8,'*')                                                   
---------- --------------------------------                                     
      2600 ****2600                                                             
      4400 ****4400                                                             
     13000 ***13000                                                             
      6000 ****6000                                                             
      6500 ****6500                                                             
     10000 ***10000                                                             
     12008 ***12008                                                             
      8300 ****8300                                                             

107 rows selected.

SQL> 
SQL> select salary,rpad(salary,8,'*')
  2  from   employees;

    SALARY RPAD(SALARY,8,'*')                                                   
---------- --------------------------------                                     
     24000 24000***                                                             
     17000 17000***                                                             
     17000 17000***                                                             
      9000 9000****                                                             
      6000 6000****                                                             
      4800 4800****                                                             
      4800 4800****                                                             
      4200 4200****                                                             
     12008 12008***                                                             
      9000 9000****                                                             
      8200 8200****                                                             

    SALARY RPAD(SALARY,8,'*')                                                   
---------- --------------------------------                                     
      7700 7700****                                                             
      7800 7800****                                                             
      6900 6900****                                                             
     11000 11000***                                                             
      3100 3100****                                                             
      2900 2900****                                                             
      2800 2800****                                                             
      2600 2600****                                                             
      2500 2500****                                                             
      8000 8000****                                                             
      8200 8200****                                                             

    SALARY RPAD(SALARY,8,'*')                                                   
---------- --------------------------------                                     
      7900 7900****                                                             
      6500 6500****                                                             
      5800 5800****                                                             
      3200 3200****                                                             
      2700 2700****                                                             
      2400 2400****                                                             
      2200 2200****                                                             
      3300 3300****                                                             
      2800 2800****                                                             
      2500 2500****                                                             
      2100 2100****                                                             

    SALARY RPAD(SALARY,8,'*')                                                   
---------- --------------------------------                                     
      3300 3300****                                                             
      2900 2900****                                                             
      2400 2400****                                                             
      2200 2200****                                                             
      3600 3600****                                                             
      3200 3200****                                                             
      2700 2700****                                                             
      2500 2500****                                                             
      3500 3500****                                                             
      3100 3100****                                                             
      2600 2600****                                                             

    SALARY RPAD(SALARY,8,'*')                                                   
---------- --------------------------------                                     
      2500 2500****                                                             
     14000 14000***                                                             
     13500 13500***                                                             
     12000 12000***                                                             
     11000 11000***                                                             
     10500 10500***                                                             
     10000 10000***                                                             
      9500 9500****                                                             
      9000 9000****                                                             
      8000 8000****                                                             
      7500 7500****                                                             

    SALARY RPAD(SALARY,8,'*')                                                   
---------- --------------------------------                                     
      7000 7000****                                                             
     10000 10000***                                                             
      9500 9500****                                                             
      9000 9000****                                                             
      8000 8000****                                                             
      7500 7500****                                                             
      7000 7000****                                                             
     10500 10500***                                                             
      9500 9500****                                                             
      7200 7200****                                                             
      6800 6800****                                                             

    SALARY RPAD(SALARY,8,'*')                                                   
---------- --------------------------------                                     
      6400 6400****                                                             
      6200 6200****                                                             
     11500 11500***                                                             
     10000 10000***                                                             
      9600 9600****                                                             
      7400 7400****                                                             
      7300 7300****                                                             
      6100 6100****                                                             
     11000 11000***                                                             
      8800 8800****                                                             
      8600 8600****                                                             

    SALARY RPAD(SALARY,8,'*')                                                   
---------- --------------------------------                                     
      8400 8400****                                                             
      7000 7000****                                                             
      6200 6200****                                                             
      3200 3200****                                                             
      3100 3100****                                                             
      2500 2500****                                                             
      2800 2800****                                                             
      4200 4200****                                                             
      4100 4100****                                                             
      3400 3400****                                                             
      3000 3000****                                                             

    SALARY RPAD(SALARY,8,'*')                                                   
---------- --------------------------------                                     
      3800 3800****                                                             
      3600 3600****                                                             
      2900 2900****                                                             
      2500 2500****                                                             
      4000 4000****                                                             
      3900 3900****                                                             
      3200 3200****                                                             
      2800 2800****                                                             
      3100 3100****                                                             
      3000 3000****                                                             
      2600 2600****                                                             

    SALARY RPAD(SALARY,8,'*')                                                   
---------- --------------------------------                                     
      2600 2600****                                                             
      4400 4400****                                                             
     13000 13000***                                                             
      6000 6000****                                                             
      6500 6500****                                                             
     10000 10000***                                                             
     12008 12008***                                                             
      8300 8300****                                                             

107 rows selected.

SQL> select salary,rpad(salary,8,'#')
  2  from   employees;

    SALARY RPAD(SALARY,8,'#')                                                   
---------- --------------------------------                                     
     24000 24000###                                                             
     17000 17000###                                                             
     17000 17000###                                                             
      9000 9000####                                                             
      6000 6000####                                                             
      4800 4800####                                                             
      4800 4800####                                                             
      4200 4200####                                                             
     12008 12008###                                                             
      9000 9000####                                                             
      8200 8200####                                                             

    SALARY RPAD(SALARY,8,'#')                                                   
---------- --------------------------------                                     
      7700 7700####                                                             
      7800 7800####                                                             
      6900 6900####                                                             
     11000 11000###                                                             
      3100 3100####                                                             
      2900 2900####                                                             
      2800 2800####                                                             
      2600 2600####                                                             
      2500 2500####                                                             
      8000 8000####                                                             
      8200 8200####                                                             

    SALARY RPAD(SALARY,8,'#')                                                   
---------- --------------------------------                                     
      7900 7900####                                                             
      6500 6500####                                                             
      5800 5800####                                                             
      3200 3200####                                                             
      2700 2700####                                                             
      2400 2400####                                                             
      2200 2200####                                                             
      3300 3300####                                                             
      2800 2800####                                                             
      2500 2500####                                                             
      2100 2100####                                                             

    SALARY RPAD(SALARY,8,'#')                                                   
---------- --------------------------------                                     
      3300 3300####                                                             
      2900 2900####                                                             
      2400 2400####                                                             
      2200 2200####                                                             
      3600 3600####                                                             
      3200 3200####                                                             
      2700 2700####                                                             
      2500 2500####                                                             
      3500 3500####                                                             
      3100 3100####                                                             
      2600 2600####                                                             

    SALARY RPAD(SALARY,8,'#')                                                   
---------- --------------------------------                                     
      2500 2500####                                                             
     14000 14000###                                                             
     13500 13500###                                                             
     12000 12000###                                                             
     11000 11000###                                                             
     10500 10500###                                                             
     10000 10000###                                                             
      9500 9500####                                                             
      9000 9000####                                                             
      8000 8000####                                                             
      7500 7500####                                                             

    SALARY RPAD(SALARY,8,'#')                                                   
---------- --------------------------------                                     
      7000 7000####                                                             
     10000 10000###                                                             
      9500 9500####                                                             
      9000 9000####                                                             
      8000 8000####                                                             
      7500 7500####                                                             
      7000 7000####                                                             
     10500 10500###                                                             
      9500 9500####                                                             
      7200 7200####                                                             
      6800 6800####                                                             

    SALARY RPAD(SALARY,8,'#')                                                   
---------- --------------------------------                                     
      6400 6400####                                                             
      6200 6200####                                                             
     11500 11500###                                                             
     10000 10000###                                                             
      9600 9600####                                                             
      7400 7400####                                                             
      7300 7300####                                                             
      6100 6100####                                                             
     11000 11000###                                                             
      8800 8800####                                                             
      8600 8600####                                                             

    SALARY RPAD(SALARY,8,'#')                                                   
---------- --------------------------------                                     
      8400 8400####                                                             
      7000 7000####                                                             
      6200 6200####                                                             
      3200 3200####                                                             
      3100 3100####                                                             
      2500 2500####                                                             
      2800 2800####                                                             
      4200 4200####                                                             
      4100 4100####                                                             
      3400 3400####                                                             
      3000 3000####                                                             

    SALARY RPAD(SALARY,8,'#')                                                   
---------- --------------------------------                                     
      3800 3800####                                                             
      3600 3600####                                                             
      2900 2900####                                                             
      2500 2500####                                                             
      4000 4000####                                                             
      3900 3900####                                                             
      3200 3200####                                                             
      2800 2800####                                                             
      3100 3100####                                                             
      3000 3000####                                                             
      2600 2600####                                                             

    SALARY RPAD(SALARY,8,'#')                                                   
---------- --------------------------------                                     
      2600 2600####                                                             
      4400 4400####                                                             
     13000 13000###                                                             
      6000 6000####                                                             
      6500 6500####                                                             
     10000 10000###                                                             
     12008 12008###                                                             
      8300 8300####                                                             

107 rows selected.

SQL> select salary,rpad(salary,8,0)
  2  from   employees;

    SALARY RPAD(SALARY,8,0)                                                     
---------- --------------------------------                                     
     24000 24000000                                                             
     17000 17000000                                                             
     17000 17000000                                                             
      9000 90000000                                                             
      6000 60000000                                                             
      4800 48000000                                                             
      4800 48000000                                                             
      4200 42000000                                                             
     12008 12008000                                                             
      9000 90000000                                                             
      8200 82000000                                                             

    SALARY RPAD(SALARY,8,0)                                                     
---------- --------------------------------                                     
      7700 77000000                                                             
      7800 78000000                                                             
      6900 69000000                                                             
     11000 11000000                                                             
      3100 31000000                                                             
      2900 29000000                                                             
      2800 28000000                                                             
      2600 26000000                                                             
      2500 25000000                                                             
      8000 80000000                                                             
      8200 82000000                                                             

    SALARY RPAD(SALARY,8,0)                                                     
---------- --------------------------------                                     
      7900 79000000                                                             
      6500 65000000                                                             
      5800 58000000                                                             
      3200 32000000                                                             
      2700 27000000                                                             
      2400 24000000                                                             
      2200 22000000                                                             
      3300 33000000                                                             
      2800 28000000                                                             
      2500 25000000                                                             
      2100 21000000                                                             

    SALARY RPAD(SALARY,8,0)                                                     
---------- --------------------------------                                     
      3300 33000000                                                             
      2900 29000000                                                             
      2400 24000000                                                             
      2200 22000000                                                             
      3600 36000000                                                             
      3200 32000000                                                             
      2700 27000000                                                             
      2500 25000000                                                             
      3500 35000000                                                             
      3100 31000000                                                             
      2600 26000000                                                             

    SALARY RPAD(SALARY,8,0)                                                     
---------- --------------------------------                                     
      2500 25000000                                                             
     14000 14000000                                                             
     13500 13500000                                                             
     12000 12000000                                                             
     11000 11000000                                                             
     10500 10500000                                                             
     10000 10000000                                                             
      9500 95000000                                                             
      9000 90000000                                                             
      8000 80000000                                                             
      7500 75000000                                                             

    SALARY RPAD(SALARY,8,0)                                                     
---------- --------------------------------                                     
      7000 70000000                                                             
     10000 10000000                                                             
      9500 95000000                                                             
      9000 90000000                                                             
      8000 80000000                                                             
      7500 75000000                                                             
      7000 70000000                                                             
     10500 10500000                                                             
      9500 95000000                                                             
      7200 72000000                                                             
      6800 68000000                                                             

    SALARY RPAD(SALARY,8,0)                                                     
---------- --------------------------------                                     
      6400 64000000                                                             
      6200 62000000                                                             
     11500 11500000                                                             
     10000 10000000                                                             
      9600 96000000                                                             
      7400 74000000                                                             
      7300 73000000                                                             
      6100 61000000                                                             
     11000 11000000                                                             
      8800 88000000                                                             
      8600 86000000                                                             

    SALARY RPAD(SALARY,8,0)                                                     
---------- --------------------------------                                     
      8400 84000000                                                             
      7000 70000000                                                             
      6200 62000000                                                             
      3200 32000000                                                             
      3100 31000000                                                             
      2500 25000000                                                             
      2800 28000000                                                             
      4200 42000000                                                             
      4100 41000000                                                             
      3400 34000000                                                             
      3000 30000000                                                             

    SALARY RPAD(SALARY,8,0)                                                     
---------- --------------------------------                                     
      3800 38000000                                                             
      3600 36000000                                                             
      2900 29000000                                                             
      2500 25000000                                                             
      4000 40000000                                                             
      3900 39000000                                                             
      3200 32000000                                                             
      2800 28000000                                                             
      3100 31000000                                                             
      3000 30000000                                                             
      2600 26000000                                                             

    SALARY RPAD(SALARY,8,0)                                                     
---------- --------------------------------                                     
      2600 26000000                                                             
      4400 44000000                                                             
     13000 13000000                                                             
      6000 60000000                                                             
      6500 65000000                                                             
     10000 10000000                                                             
     12008 12008000                                                             
      8300 83000000                                                             

107 rows selected.

SQL> 
SQL> 
SQL> cl scr

SQL> select REPLACE ('JACK and JUE','J','BL')
  2  from   dual;

REPLACE('JACKA                                                                  
--------------                                                                  
BLACK and BLUE                                                                  

SQL> select TRIM('H' FROM 'HelloWorld')
  2  from   dual;

TRIM('H'F                                                                       
---------                                                                       
elloWorld                                                                       

SQL> select TRIM(' ' FROM '   HelloWorld')
  2  from   dual;

TRIM(''FRO                                                                      
----------                                                                      
HelloWorld                                                                      

SQL> 
SQL> 
SQL> cl scr

SQL> SELECT last_name,
  2         UPPER(CONCAT(SUBSTR(LAST_NAME,1,3),'-IbCs'))
  3  FROM   employees
  4  WHERE  department_id = 60;

LAST_NAME       UPPER(CONCAT(SUBS                                               
--------------- -----------------                                               
Hunold          HUN-IBCS                                                        
Ernst           ERN-IBCS                                                        
Austin          AUS-IBCS                                                        
Pataballa       PAT-IBCS                                                        
Lorentz         LOR-IBCS                                                        

SQL> SELECT employee_id, CONCAT(first_name, last_name) NAME,
  2         job_id, LENGTH (last_name),
  3         INSTR(last_name, 'a') "Contains 'a'?"
  4  FROM   employees
  5  WHERE  SUBSTR(job_id, 4) = 'REP';

EMPLOYEE_ID NAME                                          JOB_ID                
----------- --------------------------------------------- ----------            
LENGTH(LAST_NAME) Contains 'a'?                                                 
----------------- -------------                                                 
        150 PeterTucker                                   SA_REP                
                6             0                                                 
                                                                                
        151 DavidBernstein                                SA_REP                
                9             0                                                 
                                                                                
        152 PeterHall                                     SA_REP                
                4             2                                                 
                                                                                

EMPLOYEE_ID NAME                                          JOB_ID                
----------- --------------------------------------------- ----------            
LENGTH(LAST_NAME) Contains 'a'?                                                 
----------------- -------------                                                 
        153 ChristopherOlsen                              SA_REP                
                5             0                                                 
                                                                                
        154 NanetteCambrault                              SA_REP                
                9             2                                                 
                                                                                
        155 OliverTuvault                                 SA_REP                
                7             4                                                 
                                                                                

EMPLOYEE_ID NAME                                          JOB_ID                
----------- --------------------------------------------- ----------            
LENGTH(LAST_NAME) Contains 'a'?                                                 
----------------- -------------                                                 
        156 JanetteKing                                   SA_REP                
                4             0                                                 
                                                                                
        157 PatrickSully                                  SA_REP                
                5             0                                                 
                                                                                
        158 AllanMcEwen                                   SA_REP                
                6             0                                                 
                                                                                

EMPLOYEE_ID NAME                                          JOB_ID                
----------- --------------------------------------------- ----------            
LENGTH(LAST_NAME) Contains 'a'?                                                 
----------------- -------------                                                 
        159 LindseySmith                                  SA_REP                
                5             0                                                 
                                                                                
        160 LouiseDoran                                   SA_REP                
                5             4                                                 
                                                                                
        161 SarathSewall                                  SA_REP                
                6             4                                                 
                                                                                

EMPLOYEE_ID NAME                                          JOB_ID                
----------- --------------------------------------------- ----------            
LENGTH(LAST_NAME) Contains 'a'?                                                 
----------------- -------------                                                 
        162 ClaraVishney                                  SA_REP                
                7             0                                                 
                                                                                
        163 DanielleGreene                                SA_REP                
                6             0                                                 
                                                                                
        164 MatteaMarvins                                 SA_REP                
                7             2                                                 
                                                                                

EMPLOYEE_ID NAME                                          JOB_ID                
----------- --------------------------------------------- ----------            
LENGTH(LAST_NAME) Contains 'a'?                                                 
----------------- -------------                                                 
        165 DavidLee                                      SA_REP                
                3             0                                                 
                                                                                
        166 SundarAnde                                    SA_REP                
                4             0                                                 
                                                                                
        167 AmitBanda                                     SA_REP                
                5             2                                                 
                                                                                

EMPLOYEE_ID NAME                                          JOB_ID                
----------- --------------------------------------------- ----------            
LENGTH(LAST_NAME) Contains 'a'?                                                 
----------------- -------------                                                 
        168 LisaOzer                                      SA_REP                
                4             0                                                 
                                                                                
        169 HarrisonBloom                                 SA_REP                
                5             0                                                 
                                                                                
        170 TaylerFox                                     SA_REP                
                3             0                                                 
                                                                                

EMPLOYEE_ID NAME                                          JOB_ID                
----------- --------------------------------------------- ----------            
LENGTH(LAST_NAME) Contains 'a'?                                                 
----------------- -------------                                                 
        171 WilliamSmith                                  SA_REP                
                5             0                                                 
                                                                                
        172 ElizabethBates                                SA_REP                
                5             2                                                 
                                                                                
        173 SunditaKumar                                  SA_REP                
                5             4                                                 
                                                                                

EMPLOYEE_ID NAME                                          JOB_ID                
----------- --------------------------------------------- ----------            
LENGTH(LAST_NAME) Contains 'a'?                                                 
----------------- -------------                                                 
        174 EllenAbel                                     SA_REP                
                4             0                                                 
                                                                                
        175 AlyssaHutton                                  SA_REP                
                6             0                                                 
                                                                                
        176 JonathonTaylor                                SA_REP                
                6             2                                                 
                                                                                

EMPLOYEE_ID NAME                                          JOB_ID                
----------- --------------------------------------------- ----------            
LENGTH(LAST_NAME) Contains 'a'?                                                 
----------------- -------------                                                 
        177 JackLivingston                                SA_REP                
               10             0                                                 
                                                                                
        178 KimberelyGrant                                SA_REP                
                5             3                                                 
                                                                                
        179 CharlesJohnson                                SA_REP                
                7             0                                                 
                                                                                

EMPLOYEE_ID NAME                                          JOB_ID                
----------- --------------------------------------------- ----------            
LENGTH(LAST_NAME) Contains 'a'?                                                 
----------------- -------------                                                 
        202 PatFay                                        MK_REP                
                3             2                                                 
                                                                                
        203 SusanMavris                                   HR_REP                
                6             2                                                 
                                                                                
        204 HermannBaer                                   PR_REP                
                4             2                                                 
                                                                                

33 rows selected.

SQL> col nam for 120
SP2-0246: Illegal FORMAT string "120"
SQL> /

EMPLOYEE_ID NAME                                          JOB_ID                
----------- --------------------------------------------- ----------            
LENGTH(LAST_NAME) Contains 'a'?                                                 
----------------- -------------                                                 
        150 PeterTucker                                   SA_REP                
                6             0                                                 
                                                                                
        151 DavidBernstein                                SA_REP                
                9             0                                                 
                                                                                
        152 PeterHall                                     SA_REP                
                4             2                                                 
                                                                                

EMPLOYEE_ID NAME                                          JOB_ID                
----------- --------------------------------------------- ----------            
LENGTH(LAST_NAME) Contains 'a'?                                                 
----------------- -------------                                                 
        153 ChristopherOlsen                              SA_REP                
                5             0                                                 
                                                                                
        154 NanetteCambrault                              SA_REP                
                9             2                                                 
                                                                                
        155 OliverTuvault                                 SA_REP                
                7             4                                                 
                                                                                

EMPLOYEE_ID NAME                                          JOB_ID                
----------- --------------------------------------------- ----------            
LENGTH(LAST_NAME) Contains 'a'?                                                 
----------------- -------------                                                 
        156 JanetteKing                                   SA_REP                
                4             0                                                 
                                                                                
        157 PatrickSully                                  SA_REP                
                5             0                                                 
                                                                                
        158 AllanMcEwen                                   SA_REP                
                6             0                                                 
                                                                                

EMPLOYEE_ID NAME                                          JOB_ID                
----------- --------------------------------------------- ----------            
LENGTH(LAST_NAME) Contains 'a'?                                                 
----------------- -------------                                                 
        159 LindseySmith                                  SA_REP                
                5             0                                                 
                                                                                
        160 LouiseDoran                                   SA_REP                
                5             4                                                 
                                                                                
        161 SarathSewall                                  SA_REP                
                6             4                                                 
                                                                                

EMPLOYEE_ID NAME                                          JOB_ID                
----------- --------------------------------------------- ----------            
LENGTH(LAST_NAME) Contains 'a'?                                                 
----------------- -------------                                                 
        162 ClaraVishney                                  SA_REP                
                7             0                                                 
                                                                                
        163 DanielleGreene                                SA_REP                
                6             0                                                 
                                                                                
        164 MatteaMarvins                                 SA_REP                
                7             2                                                 
                                                                                

EMPLOYEE_ID NAME                                          JOB_ID                
----------- --------------------------------------------- ----------            
LENGTH(LAST_NAME) Contains 'a'?                                                 
----------------- -------------                                                 
        165 DavidLee                                      SA_REP                
                3             0                                                 
                                                                                
        166 SundarAnde                                    SA_REP                
                4             0                                                 
                                                                                
        167 AmitBanda                                     SA_REP                
                5             2                                                 
                                                                                

EMPLOYEE_ID NAME                                          JOB_ID                
----------- --------------------------------------------- ----------            
LENGTH(LAST_NAME) Contains 'a'?                                                 
----------------- -------------                                                 
        168 LisaOzer                                      SA_REP                
                4             0                                                 
                                                                                
        169 HarrisonBloom                                 SA_REP                
                5             0                                                 
                                                                                
        170 TaylerFox                                     SA_REP                
                3             0                                                 
                                                                                

EMPLOYEE_ID NAME                                          JOB_ID                
----------- --------------------------------------------- ----------            
LENGTH(LAST_NAME) Contains 'a'?                                                 
----------------- -------------                                                 
        171 WilliamSmith                                  SA_REP                
                5             0                                                 
                                                                                
        172 ElizabethBates                                SA_REP                
                5             2                                                 
                                                                                
        173 SunditaKumar                                  SA_REP                
                5             4                                                 
                                                                                

EMPLOYEE_ID NAME                                          JOB_ID                
----------- --------------------------------------------- ----------            
LENGTH(LAST_NAME) Contains 'a'?                                                 
----------------- -------------                                                 
        174 EllenAbel                                     SA_REP                
                4             0                                                 
                                                                                
        175 AlyssaHutton                                  SA_REP                
                6             0                                                 
                                                                                
        176 JonathonTaylor                                SA_REP                
                6             2                                                 
                                                                                

EMPLOYEE_ID NAME                                          JOB_ID                
----------- --------------------------------------------- ----------            
LENGTH(LAST_NAME) Contains 'a'?                                                 
----------------- -------------                                                 
        177 JackLivingston                                SA_REP                
               10             0                                                 
                                                                                
        178 KimberelyGrant                                SA_REP                
                5             3                                                 
                                                                                
        179 CharlesJohnson                                SA_REP                
                7             0                                                 
                                                                                

EMPLOYEE_ID NAME                                          JOB_ID                
----------- --------------------------------------------- ----------            
LENGTH(LAST_NAME) Contains 'a'?                                                 
----------------- -------------                                                 
        202 PatFay                                        MK_REP                
                3             2                                                 
                                                                                
        203 SusanMavris                                   HR_REP                
                6             2                                                 
                                                                                
        204 HermannBaer                                   PR_REP                
                4             2                                                 
                                                                                

33 rows selected.

SQL> 
SQL> 
SQL> col nam for a20
SQL> 
SQL> 
SQL> cl svr
SP2-0158: unknown CLEAR option "svr"
SQL> /

EMPLOYEE_ID NAME                                          JOB_ID                
----------- --------------------------------------------- ----------            
LENGTH(LAST_NAME) Contains 'a'?                                                 
----------------- -------------                                                 
        150 PeterTucker                                   SA_REP                
                6             0                                                 
                                                                                
        151 DavidBernstein                                SA_REP                
                9             0                                                 
                                                                                
        152 PeterHall                                     SA_REP                
                4             2                                                 
                                                                                

EMPLOYEE_ID NAME                                          JOB_ID                
----------- --------------------------------------------- ----------            
LENGTH(LAST_NAME) Contains 'a'?                                                 
----------------- -------------                                                 
        153 ChristopherOlsen                              SA_REP                
                5             0                                                 
                                                                                
        154 NanetteCambrault                              SA_REP                
                9             2                                                 
                                                                                
        155 OliverTuvault                                 SA_REP                
                7             4                                                 
                                                                                

EMPLOYEE_ID NAME                                          JOB_ID                
----------- --------------------------------------------- ----------            
LENGTH(LAST_NAME) Contains 'a'?                                                 
----------------- -------------                                                 
        156 JanetteKing                                   SA_REP                
                4             0                                                 
                                                                                
        157 PatrickSully                                  SA_REP                
                5             0                                                 
                                                                                
        158 AllanMcEwen                                   SA_REP                
                6             0                                                 
                                                                                

EMPLOYEE_ID NAME                                          JOB_ID                
----------- --------------------------------------------- ----------            
LENGTH(LAST_NAME) Contains 'a'?                                                 
----------------- -------------                                                 
        159 LindseySmith                                  SA_REP                
                5             0                                                 
                                                                                
        160 LouiseDoran                                   SA_REP                
                5             4                                                 
                                                                                
        161 SarathSewall                                  SA_REP                
                6             4                                                 
                                                                                

EMPLOYEE_ID NAME                                          JOB_ID                
----------- --------------------------------------------- ----------            
LENGTH(LAST_NAME) Contains 'a'?                                                 
----------------- -------------                                                 
        162 ClaraVishney                                  SA_REP                
                7             0                                                 
                                                                                
        163 DanielleGreene                                SA_REP                
                6             0                                                 
                                                                                
        164 MatteaMarvins                                 SA_REP                
                7             2                                                 
                                                                                

EMPLOYEE_ID NAME                                          JOB_ID                
----------- --------------------------------------------- ----------            
LENGTH(LAST_NAME) Contains 'a'?                                                 
----------------- -------------                                                 
        165 DavidLee                                      SA_REP                
                3             0                                                 
                                                                                
        166 SundarAnde                                    SA_REP                
                4             0                                                 
                                                                                
        167 AmitBanda                                     SA_REP                
                5             2                                                 
                                                                                

EMPLOYEE_ID NAME                                          JOB_ID                
----------- --------------------------------------------- ----------            
LENGTH(LAST_NAME) Contains 'a'?                                                 
----------------- -------------                                                 
        168 LisaOzer                                      SA_REP                
                4             0                                                 
                                                                                
        169 HarrisonBloom                                 SA_REP                
                5             0                                                 
                                                                                
        170 TaylerFox                                     SA_REP                
                3             0                                                 
                                                                                

EMPLOYEE_ID NAME                                          JOB_ID                
----------- --------------------------------------------- ----------            
LENGTH(LAST_NAME) Contains 'a'?                                                 
----------------- -------------                                                 
        171 WilliamSmith                                  SA_REP                
                5             0                                                 
                                                                                
        172 ElizabethBates                                SA_REP                
                5             2                                                 
                                                                                
        173 SunditaKumar                                  SA_REP                
                5             4                                                 
                                                                                

EMPLOYEE_ID NAME                                          JOB_ID                
----------- --------------------------------------------- ----------            
LENGTH(LAST_NAME) Contains 'a'?                                                 
----------------- -------------                                                 
        174 EllenAbel                                     SA_REP                
                4             0                                                 
                                                                                
        175 AlyssaHutton                                  SA_REP                
                6             0                                                 
                                                                                
        176 JonathonTaylor                                SA_REP                
                6             2                                                 
                                                                                

EMPLOYEE_ID NAME                                          JOB_ID                
----------- --------------------------------------------- ----------            
LENGTH(LAST_NAME) Contains 'a'?                                                 
----------------- -------------                                                 
        177 JackLivingston                                SA_REP                
               10             0                                                 
                                                                                
        178 KimberelyGrant                                SA_REP                
                5             3                                                 
                                                                                
        179 CharlesJohnson                                SA_REP                
                7             0                                                 
                                                                                

EMPLOYEE_ID NAME                                          JOB_ID                
----------- --------------------------------------------- ----------            
LENGTH(LAST_NAME) Contains 'a'?                                                 
----------------- -------------                                                 
        202 PatFay                                        MK_REP                
                3             2                                                 
                                                                                
        203 SusanMavris                                   HR_REP                
                6             2                                                 
                                                                                
        204 HermannBaer                                   PR_REP                
                4             2                                                 
                                                                                

33 rows selected.

SQL> col name for a20
SQL> 
SQL> 
SQL> /

EMPLOYEE_ID NAME                 JOB_ID     LENGTH(LAST_NAME) Contains 'a'?     
----------- -------------------- ---------- ----------------- -------------     
        150 PeterTucker          SA_REP                     6             0     
        151 DavidBernstein       SA_REP                     9             0     
        152 PeterHall            SA_REP                     4             2     
        153 ChristopherOlsen     SA_REP                     5             0     
        154 NanetteCambrault     SA_REP                     9             2     
        155 OliverTuvault        SA_REP                     7             4     
        156 JanetteKing          SA_REP                     4             0     
        157 PatrickSully         SA_REP                     5             0     
        158 AllanMcEwen          SA_REP                     6             0     
        159 LindseySmith         SA_REP                     5             0     
        160 LouiseDoran          SA_REP                     5             4     

EMPLOYEE_ID NAME                 JOB_ID     LENGTH(LAST_NAME) Contains 'a'?     
----------- -------------------- ---------- ----------------- -------------     
        161 SarathSewall         SA_REP                     6             4     
        162 ClaraVishney         SA_REP                     7             0     
        163 DanielleGreene       SA_REP                     6             0     
        164 MatteaMarvins        SA_REP                     7             2     
        165 DavidLee             SA_REP                     3             0     
        166 SundarAnde           SA_REP                     4             0     
        167 AmitBanda            SA_REP                     5             2     
        168 LisaOzer             SA_REP                     4             0     
        169 HarrisonBloom        SA_REP                     5             0     
        170 TaylerFox            SA_REP                     3             0     
        171 WilliamSmith         SA_REP                     5             0     

EMPLOYEE_ID NAME                 JOB_ID     LENGTH(LAST_NAME) Contains 'a'?     
----------- -------------------- ---------- ----------------- -------------     
        172 ElizabethBates       SA_REP                     5             2     
        173 SunditaKumar         SA_REP                     5             4     
        174 EllenAbel            SA_REP                     4             0     
        175 AlyssaHutton         SA_REP                     6             0     
        176 JonathonTaylor       SA_REP                     6             2     
        177 JackLivingston       SA_REP                    10             0     
        178 KimberelyGrant       SA_REP                     5             3     
        179 CharlesJohnson       SA_REP                     7             0     
        202 PatFay               MK_REP                     3             2     
        203 SusanMavris          HR_REP                     6             2     
        204 HermannBaer          PR_REP                     4             2     

33 rows selected.

SQL> SELECT ROUND(45.923,2),
  2         ROUND(45.927,2),
  3         ROUND(45.923),
  4         ROUND(45.923,0),
  5         ROUND(43.923,-1),
  6         ROUND(45.923,-1)
  7  FROM DUAL;

ROUND(45.923,2) ROUND(45.927,2) ROUND(45.923) ROUND(45.923,0) ROUND(43.923,-1)  
--------------- --------------- ------------- --------------- ----------------  
ROUND(45.923,-1)                                                                
----------------                                                                
          45.92           45.93            46              46               40  
              50                                                                
                                                                                

SQL> SELECT mod(10,3)
  2  from   dual;

 MOD(10,3)                                                                      
----------                                                                      
         1                                                                      

SQL> SELECT last_name, salary, MOD(salary, 5000)
  2  FROM   employees
  3  WHERE  job_id = 'SA_REP';

LAST_NAME           SALARY MOD(SALARY,5000)                                     
--------------- ---------- ----------------                                     
Tucker               10000                0                                     
Bernstein             9500             4500                                     
Hall                  9000             4000                                     
Olsen                 8000             3000                                     
Cambrault             7500             2500                                     
Tuvault               7000             2000                                     
King                 10000                0                                     
Sully                 9500             4500                                     
McEwen                9000             4000                                     
Smith                 8000             3000                                     
Doran                 7500             2500                                     

LAST_NAME           SALARY MOD(SALARY,5000)                                     
--------------- ---------- ----------------                                     
Sewall                7000             2000                                     
Vishney              10500              500                                     
Greene                9500             4500                                     
Marvins               7200             2200                                     
Lee                   6800             1800                                     
Ande                  6400             1400                                     
Banda                 6200             1200                                     
Ozer                 11500             1500                                     
Bloom                10000                0                                     
Fox                   9600             4600                                     
Smith                 7400             2400                                     

LAST_NAME           SALARY MOD(SALARY,5000)                                     
--------------- ---------- ----------------                                     
Bates                 7300             2300                                     
Kumar                 6100             1100                                     
Abel                 11000             1000                                     
Hutton                8800             3800                                     
Taylor                8600             3600                                     
Livingston            8400             3400                                     
Grant                 7000             2000                                     
Johnson               6200             1200                                     

30 rows selected.

SQL> 
SQL> 
SQL> cl scr

SQL> select sysdate
  2  from   dual;

SYSDATE                                                                         
---------                                                                       
04-MAR-22                                                                       

SQL> 
SQL> 
SQL> 
SQL> 
SQL> cl scr

SQL> /

SYSDATE                                                                         
---------                                                                       
04-MAR-22                                                                       

SQL> SELECT last_name, ((SYSDATE-hire_date)/7) AS WEEKS
  2  FROM   employees
  3  WHERE  department_id = 90;

LAST_NAME            WEEKS                                                      
--------------- ----------                                                      
King            976.444631                                                      
Kochhar         858.301774                                                      
De Haan          1102.8732                                                      

SQL> SELECT last_name, ((SYSDATE-hire_date)/365) AS years
  2  FROM   employees
  3  WHERE  department_id = 90;

LAST_NAME            YEARS                                                      
--------------- ----------                                                      
King             18.726336                                                      
Kochhar         16.4605825                                                      
De Haan         21.1509935                                                      

SQL> SELECT last_name, round((SYSDATE-hire_date)/365) AS years
  2  FROM   employees
  3  WHERE  department_id = 90;

LAST_NAME            YEARS                                                      
--------------- ----------                                                      
King                    19                                                      
Kochhar                 16                                                      
De Haan                 21                                                      

SQL> SELECT last_name, round((SYSDATE-hire_date)/365) AS years
  2   FROM   employees
  3  /

LAST_NAME            YEARS                                                      
--------------- ----------                                                      
King                    19                                                      
Kochhar                 16                                                      
De Haan                 21                                                      
Hunold                  16                                                      
Ernst                   15                                                      
Austin                  17                                                      
Pataballa               16                                                      
Lorentz                 15                                                      
Greenberg               20                                                      
Faviet                  20                                                      
Chen                    16                                                      

LAST_NAME            YEARS                                                      
--------------- ----------                                                      
Sciarra                 16                                                      
Urman                   16                                                      
Popp                    14                                                      
Raphaely                19                                                      
Khoo                    19                                                      
Baida                   16                                                      
Tobias                  17                                                      
Himuro                  15                                                      
Colmenares              15                                                      
Weiss                   18                                                      
Fripp                   17                                                      

LAST_NAME            YEARS                                                      
--------------- ----------                                                      
Kaufling                19                                                      
Vollman                 16                                                      
Mourgos                 14                                                      
Nayer                   17                                                      
Mikkilineni             15                                                      
Landry                  15                                                      
Markle                  14                                                      
Bissot                  17                                                      
Atkinson                16                                                      
Marlow                  17                                                      
Olson                   15                                                      

LAST_NAME            YEARS                                                      
--------------- ----------                                                      
Mallin                  18                                                      
Rogers                  16                                                      
Gee                     14                                                      
Philtanker              14                                                      
Ladwig                  19                                                      
Stiles                  16                                                      
Seo                     16                                                      
Patel                   16                                                      
Rajs                    18                                                      
Davies                  17                                                      
Matos                   16                                                      

LAST_NAME            YEARS                                                      
--------------- ----------                                                      
Vargas                  16                                                      
Russell                 17                                                      
Partners                17                                                      
Errazuriz               17                                                      
Cambrault               14                                                      
Zlotkey                 14                                                      
Tucker                  17                                                      
Bernstein               17                                                      
Hall                    17                                                      
Olsen                   16                                                      
Cambrault               15                                                      

LAST_NAME            YEARS                                                      
--------------- ----------                                                      
Tuvault                 14                                                      
King                    18                                                      
Sully                   18                                                      
McEwen                  18                                                      
Smith                   17                                                      
Doran                   16                                                      
Sewall                  15                                                      
Vishney                 16                                                      
Greene                  15                                                      
Marvins                 14                                                      
Lee                     14                                                      

LAST_NAME            YEARS                                                      
--------------- ----------                                                      
Ande                    14                                                      
Banda                   14                                                      
Ozer                    17                                                      
Bloom                   16                                                      
Fox                     16                                                      
Smith                   15                                                      
Bates                   15                                                      
Kumar                   14                                                      
Abel                    18                                                      
Hutton                  17                                                      
Taylor                  16                                                      

LAST_NAME            YEARS                                                      
--------------- ----------                                                      
Livingston              16                                                      
Grant                   15                                                      
Johnson                 14                                                      
Taylor                  16                                                      
Fleaur                  16                                                      
Sullivan                15                                                      
Geoni                   14                                                      
Sarchand                18                                                      
Bull                    17                                                      
Dellinger               16                                                      
Cabrio                  15                                                      

LAST_NAME            YEARS                                                      
--------------- ----------                                                      
Chung                   17                                                      
Dilly                   17                                                      
Gates                   16                                                      
Perkins                 14                                                      
Bell                    18                                                      
Everett                 17                                                      
McCain                  16                                                      
Jones                   15                                                      
Walsh                   16                                                      
Feeney                  16                                                      
OConnell                15                                                      

LAST_NAME            YEARS                                                      
--------------- ----------                                                      
Grant                   14                                                      
Whalen                  18                                                      
Hartstein               18                                                      
Fay                     17                                                      
Mavris                  20                                                      
Baer                    20                                                      
Higgins                 20                                                      
Gietz                   20                                                      

107 rows selected.

SQL> SELECT last_name, round((SYSDATE-hire_date)/30) AS months
  2  FROM   employees
  3  WHERE  department_id = 90;

LAST_NAME           MONTHS                                                      
--------------- ----------                                                      
King                   228                                                      
Kochhar                200                                                      
De Haan                257                                                      

SQL> select MONTHS_BETWEEN('01-SEP-95','11-JAN-94')
  2  from   dual;

MONTHS_BETWEEN('01-SEP-95','11-JAN-94')                                         
---------------------------------------                                         
                             19.6774194                                         

SQL> select NEXT_DAY ('04-Mar-22','FRIDAY')
  2  from   dual;

NEXT_DAY(                                                                       
---------                                                                       
11-MAR-22                                                                       

SQL> 
SQL> 
SQL> cl scr

SQL> select sysdate
  2  from   dual;

SYSDATE                                                                         
---------                                                                       
04-MAR-22                                                                       

SQL> select sysdate,to_char(sysdate,'DD-MM-RRRR')
  2  from   dual;

SYSDATE   TO_CHAR(SY                                                            
--------- ----------                                                            
04-MAR-22 04-03-2022                                                            

SQL> select sysdate,
  2         to_char(sysdate,'DD-MM-RRRR hh:mi:ss')
  3  from   dual;

SYSDATE   TO_CHAR(SYSDATE,'DD                                                   
--------- -------------------                                                   
04-MAR-22 04-03-2022 03:19:32                                                   

SQL> select sysdate,
  2         to_char(sysdate,'DD-MM-RRRR hh:mi:ssam')
  3  from   dual;

SYSDATE   TO_CHAR(SYSDATE,'DD-M                                                 
--------- ---------------------                                                 
04-MAR-22 04-03-2022 03:19:55am                                                 

SQL> select sysdate,
  2         to_char(sysdate,'DD-MM-RRRR hh:mi:sspm')
  3  from   dual;

SYSDATE   TO_CHAR(SYSDATE,'DD-M                                                 
--------- ---------------------                                                 
04-MAR-22 04-03-2022 03:20:13am                                                 

SQL> select sysdate,
  2         to_char(sysdate,'DD-MM-RRRR hh:mi:ss pm')
  3  from   dual;

SYSDATE   TO_CHAR(SYSDATE,'DD-MM                                                
--------- ----------------------                                                
04-MAR-22 04-03-2022 03:20:22 am                                                

SQL> select sysdate,
  2         to_char(sysdate,'DD-Mon-RRRR hh:mi:ss pm')
  3  from   dual;

SYSDATE   TO_CHAR(SYSDATE,'DD-MON-RRRRHH:M                                      
--------- --------------------------------                                      
04-MAR-22 04-Mar-2022 03:20:38 am                                               

SQL> cl scr

SQL> select sysdate,
  2         to_char(sysdate,'DD-MON-RRRR hh:mi:ss pm')
  3  from   dual;

SYSDATE   TO_CHAR(SYSDATE,'DD-MON-RRRRHH:M                                      
--------- --------------------------------                                      
04-MAR-22 04-MAR-2022 03:20:48 am                                               

SQL> select hire_date
  2  from   employees;

HIRE_DATE                                                                       
---------                                                                       
17-JUN-03                                                                       
21-SEP-05                                                                       
13-JAN-01                                                                       
03-JAN-06                                                                       
21-MAY-07                                                                       
25-JUN-05                                                                       
05-FEB-06                                                                       
07-FEB-07                                                                       
17-AUG-02                                                                       
16-AUG-02                                                                       
28-SEP-05                                                                       

HIRE_DATE                                                                       
---------                                                                       
30-SEP-05                                                                       
07-MAR-06                                                                       
07-DEC-07                                                                       
07-DEC-02                                                                       
18-MAY-03                                                                       
24-DEC-05                                                                       
24-JUL-05                                                                       
15-NOV-06                                                                       
10-AUG-07                                                                       
18-JUL-04                                                                       
10-APR-05                                                                       

HIRE_DATE                                                                       
---------                                                                       
01-MAY-03                                                                       
10-OCT-05                                                                       
16-NOV-07                                                                       
16-JUL-05                                                                       
28-SEP-06                                                                       
14-JAN-07                                                                       
08-MAR-08                                                                       
20-AUG-05                                                                       
30-OCT-05                                                                       
16-FEB-05                                                                       
10-APR-07                                                                       

HIRE_DATE                                                                       
---------                                                                       
14-JUN-04                                                                       
26-AUG-06                                                                       
12-DEC-07                                                                       
06-FEB-08                                                                       
14-JUL-03                                                                       
26-OCT-05                                                                       
12-FEB-06                                                                       
06-APR-06                                                                       
17-OCT-03                                                                       
29-JAN-05                                                                       
15-MAR-06                                                                       

HIRE_DATE                                                                       
---------                                                                       
09-JUL-06                                                                       
01-OCT-04                                                                       
05-JAN-05                                                                       
10-MAR-05                                                                       
15-OCT-07                                                                       
29-JAN-08                                                                       
30-JAN-05                                                                       
24-MAR-05                                                                       
20-AUG-05                                                                       
30-MAR-06                                                                       
09-DEC-06                                                                       

HIRE_DATE                                                                       
---------                                                                       
23-NOV-07                                                                       
30-JAN-04                                                                       
04-MAR-04                                                                       
01-AUG-04                                                                       
10-MAR-05                                                                       
15-DEC-05                                                                       
03-NOV-06                                                                       
11-NOV-05                                                                       
19-MAR-07                                                                       
24-JAN-08                                                                       
23-FEB-08                                                                       

HIRE_DATE                                                                       
---------                                                                       
24-MAR-08                                                                       
21-APR-08                                                                       
11-MAR-05                                                                       
23-MAR-06                                                                       
24-JAN-06                                                                       
23-FEB-07                                                                       
24-MAR-07                                                                       
21-APR-08                                                                       
11-MAY-04                                                                       
19-MAR-05                                                                       
24-MAR-06                                                                       

HIRE_DATE                                                                       
---------                                                                       
23-APR-06                                                                       
24-MAY-07                                                                       
04-JAN-08                                                                       
24-JAN-06                                                                       
23-FEB-06                                                                       
21-JUN-07                                                                       
03-FEB-08                                                                       
27-JAN-04                                                                       
20-FEB-05                                                                       
24-JUN-06                                                                       
07-FEB-07                                                                       

HIRE_DATE                                                                       
---------                                                                       
14-JUN-05                                                                       
13-AUG-05                                                                       
11-JUL-06                                                                       
19-DEC-07                                                                       
04-FEB-04                                                                       
03-MAR-05                                                                       
01-JUL-06                                                                       
17-MAR-07                                                                       
24-APR-06                                                                       
23-MAY-06                                                                       
21-JUN-07                                                                       

HIRE_DATE                                                                       
---------                                                                       
13-JAN-08                                                                       
17-SEP-03                                                                       
17-FEB-04                                                                       
17-AUG-05                                                                       
07-JUN-02                                                                       
07-JUN-02                                                                       
07-JUN-02                                                                       
07-JUN-02                                                                       

107 rows selected.

SQL> select hire_date,
  2         to_char(hire_date,'dd-Mon-rrrr')hire_date,
  3         to_char(hire_date,'dd-Month-rrrr')hire_date
  4  from   employees;

HIRE_DATE HIRE_DATE            HIRE_DATE                                        
--------- -------------------- --------------------------------------------     
17-JUN-03 17-Jun-2003          17-June     -2003                                
21-SEP-05 21-Sep-2005          21-September-2005                                
13-JAN-01 13-Jan-2001          13-January  -2001                                
03-JAN-06 03-Jan-2006          03-January  -2006                                
21-MAY-07 21-May-2007          21-May      -2007                                
25-JUN-05 25-Jun-2005          25-June     -2005                                
05-FEB-06 05-Feb-2006          05-February -2006                                
07-FEB-07 07-Feb-2007          07-February -2007                                
17-AUG-02 17-Aug-2002          17-August   -2002                                
16-AUG-02 16-Aug-2002          16-August   -2002                                
28-SEP-05 28-Sep-2005          28-September-2005                                

HIRE_DATE HIRE_DATE            HIRE_DATE                                        
--------- -------------------- --------------------------------------------     
30-SEP-05 30-Sep-2005          30-September-2005                                
07-MAR-06 07-Mar-2006          07-March    -2006                                
07-DEC-07 07-Dec-2007          07-December -2007                                
07-DEC-02 07-Dec-2002          07-December -2002                                
18-MAY-03 18-May-2003          18-May      -2003                                
24-DEC-05 24-Dec-2005          24-December -2005                                
24-JUL-05 24-Jul-2005          24-July     -2005                                
15-NOV-06 15-Nov-2006          15-November -2006                                
10-AUG-07 10-Aug-2007          10-August   -2007                                
18-JUL-04 18-Jul-2004          18-July     -2004                                
10-APR-05 10-Apr-2005          10-April    -2005                                

HIRE_DATE HIRE_DATE            HIRE_DATE                                        
--------- -------------------- --------------------------------------------     
01-MAY-03 01-May-2003          01-May      -2003                                
10-OCT-05 10-Oct-2005          10-October  -2005                                
16-NOV-07 16-Nov-2007          16-November -2007                                
16-JUL-05 16-Jul-2005          16-July     -2005                                
28-SEP-06 28-Sep-2006          28-September-2006                                
14-JAN-07 14-Jan-2007          14-January  -2007                                
08-MAR-08 08-Mar-2008          08-March    -2008                                
20-AUG-05 20-Aug-2005          20-August   -2005                                
30-OCT-05 30-Oct-2005          30-October  -2005                                
16-FEB-05 16-Feb-2005          16-February -2005                                
10-APR-07 10-Apr-2007          10-April    -2007                                

HIRE_DATE HIRE_DATE            HIRE_DATE                                        
--------- -------------------- --------------------------------------------     
14-JUN-04 14-Jun-2004          14-June     -2004                                
26-AUG-06 26-Aug-2006          26-August   -2006                                
12-DEC-07 12-Dec-2007          12-December -2007                                
06-FEB-08 06-Feb-2008          06-February -2008                                
14-JUL-03 14-Jul-2003          14-July     -2003                                
26-OCT-05 26-Oct-2005          26-October  -2005                                
12-FEB-06 12-Feb-2006          12-February -2006                                
06-APR-06 06-Apr-2006          06-April    -2006                                
17-OCT-03 17-Oct-2003          17-October  -2003                                
29-JAN-05 29-Jan-2005          29-January  -2005                                
15-MAR-06 15-Mar-2006          15-March    -2006                                

HIRE_DATE HIRE_DATE            HIRE_DATE                                        
--------- -------------------- --------------------------------------------     
09-JUL-06 09-Jul-2006          09-July     -2006                                
01-OCT-04 01-Oct-2004          01-October  -2004                                
05-JAN-05 05-Jan-2005          05-January  -2005                                
10-MAR-05 10-Mar-2005          10-March    -2005                                
15-OCT-07 15-Oct-2007          15-October  -2007                                
29-JAN-08 29-Jan-2008          29-January  -2008                                
30-JAN-05 30-Jan-2005          30-January  -2005                                
24-MAR-05 24-Mar-2005          24-March    -2005                                
20-AUG-05 20-Aug-2005          20-August   -2005                                
30-MAR-06 30-Mar-2006          30-March    -2006                                
09-DEC-06 09-Dec-2006          09-December -2006                                

HIRE_DATE HIRE_DATE            HIRE_DATE                                        
--------- -------------------- --------------------------------------------     
23-NOV-07 23-Nov-2007          23-November -2007                                
30-JAN-04 30-Jan-2004          30-January  -2004                                
04-MAR-04 04-Mar-2004          04-March    -2004                                
01-AUG-04 01-Aug-2004          01-August   -2004                                
10-MAR-05 10-Mar-2005          10-March    -2005                                
15-DEC-05 15-Dec-2005          15-December -2005                                
03-NOV-06 03-Nov-2006          03-November -2006                                
11-NOV-05 11-Nov-2005          11-November -2005                                
19-MAR-07 19-Mar-2007          19-March    -2007                                
24-JAN-08 24-Jan-2008          24-January  -2008                                
23-FEB-08 23-Feb-2008          23-February -2008                                

HIRE_DATE HIRE_DATE            HIRE_DATE                                        
--------- -------------------- --------------------------------------------     
24-MAR-08 24-Mar-2008          24-March    -2008                                
21-APR-08 21-Apr-2008          21-April    -2008                                
11-MAR-05 11-Mar-2005          11-March    -2005                                
23-MAR-06 23-Mar-2006          23-March    -2006                                
24-JAN-06 24-Jan-2006          24-January  -2006                                
23-FEB-07 23-Feb-2007          23-February -2007                                
24-MAR-07 24-Mar-2007          24-March    -2007                                
21-APR-08 21-Apr-2008          21-April    -2008                                
11-MAY-04 11-May-2004          11-May      -2004                                
19-MAR-05 19-Mar-2005          19-March    -2005                                
24-MAR-06 24-Mar-2006          24-March    -2006                                

HIRE_DATE HIRE_DATE            HIRE_DATE                                        
--------- -------------------- --------------------------------------------     
23-APR-06 23-Apr-2006          23-April    -2006                                
24-MAY-07 24-May-2007          24-May      -2007                                
04-JAN-08 04-Jan-2008          04-January  -2008                                
24-JAN-06 24-Jan-2006          24-January  -2006                                
23-FEB-06 23-Feb-2006          23-February -2006                                
21-JUN-07 21-Jun-2007          21-June     -2007                                
03-FEB-08 03-Feb-2008          03-February -2008                                
27-JAN-04 27-Jan-2004          27-January  -2004                                
20-FEB-05 20-Feb-2005          20-February -2005                                
24-JUN-06 24-Jun-2006          24-June     -2006                                
07-FEB-07 07-Feb-2007          07-February -2007                                

HIRE_DATE HIRE_DATE            HIRE_DATE                                        
--------- -------------------- --------------------------------------------     
14-JUN-05 14-Jun-2005          14-June     -2005                                
13-AUG-05 13-Aug-2005          13-August   -2005                                
11-JUL-06 11-Jul-2006          11-July     -2006                                
19-DEC-07 19-Dec-2007          19-December -2007                                
04-FEB-04 04-Feb-2004          04-February -2004                                
03-MAR-05 03-Mar-2005          03-March    -2005                                
01-JUL-06 01-Jul-2006          01-July     -2006                                
17-MAR-07 17-Mar-2007          17-March    -2007                                
24-APR-06 24-Apr-2006          24-April    -2006                                
23-MAY-06 23-May-2006          23-May      -2006                                
21-JUN-07 21-Jun-2007          21-June     -2007                                

HIRE_DATE HIRE_DATE            HIRE_DATE                                        
--------- -------------------- --------------------------------------------     
13-JAN-08 13-Jan-2008          13-January  -2008                                
17-SEP-03 17-Sep-2003          17-September-2003                                
17-FEB-04 17-Feb-2004          17-February -2004                                
17-AUG-05 17-Aug-2005          17-August   -2005                                
07-JUN-02 07-Jun-2002          07-June     -2002                                
07-JUN-02 07-Jun-2002          07-June     -2002                                
07-JUN-02 07-Jun-2002          07-June     -2002                                
07-JUN-02 07-Jun-2002          07-June     -2002                                

107 rows selected.

SQL> 
SQL> 
SQL> select sysdate,
  2         to_char(sysdate,'DD-MON-RRRR hh24:mi:ss')
  3  from   dual;

SYSDATE   TO_CHAR(SYSDATE,'DD-MON-RRRRH                                         
--------- -----------------------------                                         
04-MAR-22 04-MAR-2022 03:24:45                                                  

SQL> /

SYSDATE   TO_CHAR(SYSDATE,'DD-MON-RRRRH                                         
--------- -----------------------------                                         
04-MAR-22 04-MAR-2022 17:25:38                                                  

SQL> select sysdate,
  2         to_char(sysdate,'Dy-MON-RRRR hh24:mi:ss')
  3  from   dual;

SYSDATE   TO_CHAR(SYSDATE,'DY-MON-RRRRHH24:MI:SS'                               
--------- ---------------------------------------                               
04-MAR-22 Fri-MAR-2022 17:26:04                                                 

SQL> select sysdate,
  2         to_char(sysdate,'Day-MON-RRRR hh24:mi:ss')
  3  from   dual;

SYSDATE   TO_CHAR(SYSDATE,'DAY-MON-RRRRHH24:MI:SS')                             
--------- ---------------------------------------------------------------       
04-MAR-22 Friday   -MAR-2022 17:26:12                                           

SQL> 
SQL> select sysdate,
  2         to_char(sysdate,'Day-Month-Year hh24:mi:ss')
  3  from   dual;

SYSDATE                                                                         
---------                                                                       
TO_CHAR(SYSDATE,'DAY-MONTH-YEARHH24:MI:SS')                                     
--------------------------------------------------------------------------------
04-MAR-22                                                                       
Friday   -March    -Twenty Twenty-Two 17:26:27                                  
                                                                                

SQL> select sysdate,
  2         to_char(sysdate,'dd "of" Month')
  3  from   dual;

SYSDATE   TO_CHAR(SYSDATE,'DD"OF"MONTH')                                        
--------- ------------------------------------------                            
04-MAR-22 04 of March                                                           

SQL> select sysdate,
  2         to_char(sysdate,'Ddspth "of" Month')
  3  from   dual;

SYSDATE   TO_CHAR(SYSDATE,'DDSPTH"OF"MONTH')                                    
--------- ------------------------------------------------------                
04-MAR-22 Fourth of March                                                       

SQL> select sysdate,
  2         to_char(sysdate,rrrr')
  3  from   dual;
ERROR:
ORA-01756: quoted string not properly terminated 


SQL> select 112050980
  2  from   dual;

 112050980                                                                      
----------                                                                      
 112050980                                                                      

SQL> select 112050980,to_char(112050980,'99,99,99,999.99')
  2  from   dual;

 112050980 TO_CHAR(11205098                                                     
---------- ----------------                                                     
 112050980  11,20,50,980.00                                                     

SQL> cl scr

SQL> select 112050980,
  2         to_char(112050980,'00,00,00,000.00'),
  3         to_char(50980,'00,00,00,000.00')
  4  from   dual;

 112050980 TO_CHAR(11205098 TO_CHAR(50980,'0                                    
---------- ---------------- ----------------                                    
 112050980  11,20,50,980.00  00,00,50,980.00                                    

SQL> cl scr

SQL> select 112050980,
  2         to_char(112050980,'$00,00,00,000.00'),
  3         to_char(50980,'L00,00,00,000.00')
  4  from   dual;

 112050980 TO_CHAR(112050980 TO_CHAR(50980,'L00,00,00,0                         
---------- ----------------- --------------------------                         
 112050980  $11,20,50,980.00           $00,00,50,980.00                         

SQL> select salary,
  2         to_char(salary,'$00,00,00,000.00'),
  3         to_char(salary,'L00,00,00,000.00')
  4  from   employees;

    SALARY TO_CHAR(SALARY,'$ TO_CHAR(SALARY,'L00,00,00,                         
---------- ----------------- --------------------------                         
     24000  $00,00,24,000.00           $00,00,24,000.00                         
     17000  $00,00,17,000.00           $00,00,17,000.00                         
     17000  $00,00,17,000.00           $00,00,17,000.00                         
      9000  $00,00,09,000.00           $00,00,09,000.00                         
      6000  $00,00,06,000.00           $00,00,06,000.00                         
      4800  $00,00,04,800.00           $00,00,04,800.00                         
      4800  $00,00,04,800.00           $00,00,04,800.00                         
      4200  $00,00,04,200.00           $00,00,04,200.00                         
     12008  $00,00,12,008.00           $00,00,12,008.00                         
      9000  $00,00,09,000.00           $00,00,09,000.00                         
      8200  $00,00,08,200.00           $00,00,08,200.00                         

    SALARY TO_CHAR(SALARY,'$ TO_CHAR(SALARY,'L00,00,00,                         
---------- ----------------- --------------------------                         
      7700  $00,00,07,700.00           $00,00,07,700.00                         
      7800  $00,00,07,800.00           $00,00,07,800.00                         
      6900  $00,00,06,900.00           $00,00,06,900.00                         
     11000  $00,00,11,000.00           $00,00,11,000.00                         
      3100  $00,00,03,100.00           $00,00,03,100.00                         
      2900  $00,00,02,900.00           $00,00,02,900.00                         
      2800  $00,00,02,800.00           $00,00,02,800.00                         
      2600  $00,00,02,600.00           $00,00,02,600.00                         
      2500  $00,00,02,500.00           $00,00,02,500.00                         
      8000  $00,00,08,000.00           $00,00,08,000.00                         
      8200  $00,00,08,200.00           $00,00,08,200.00                         

    SALARY TO_CHAR(SALARY,'$ TO_CHAR(SALARY,'L00,00,00,                         
---------- ----------------- --------------------------                         
      7900  $00,00,07,900.00           $00,00,07,900.00                         
      6500  $00,00,06,500.00           $00,00,06,500.00                         
      5800  $00,00,05,800.00           $00,00,05,800.00                         
      3200  $00,00,03,200.00           $00,00,03,200.00                         
      2700  $00,00,02,700.00           $00,00,02,700.00                         
      2400  $00,00,02,400.00           $00,00,02,400.00                         
      2200  $00,00,02,200.00           $00,00,02,200.00                         
      3300  $00,00,03,300.00           $00,00,03,300.00                         
      2800  $00,00,02,800.00           $00,00,02,800.00                         
      2500  $00,00,02,500.00           $00,00,02,500.00                         
      2100  $00,00,02,100.00           $00,00,02,100.00                         

    SALARY TO_CHAR(SALARY,'$ TO_CHAR(SALARY,'L00,00,00,                         
---------- ----------------- --------------------------                         
      3300  $00,00,03,300.00           $00,00,03,300.00                         
      2900  $00,00,02,900.00           $00,00,02,900.00                         
      2400  $00,00,02,400.00           $00,00,02,400.00                         
      2200  $00,00,02,200.00           $00,00,02,200.00                         
      3600  $00,00,03,600.00           $00,00,03,600.00                         
      3200  $00,00,03,200.00           $00,00,03,200.00                         
      2700  $00,00,02,700.00           $00,00,02,700.00                         
      2500  $00,00,02,500.00           $00,00,02,500.00                         
      3500  $00,00,03,500.00           $00,00,03,500.00                         
      3100  $00,00,03,100.00           $00,00,03,100.00                         
      2600  $00,00,02,600.00           $00,00,02,600.00                         

    SALARY TO_CHAR(SALARY,'$ TO_CHAR(SALARY,'L00,00,00,                         
---------- ----------------- --------------------------                         
      2500  $00,00,02,500.00           $00,00,02,500.00                         
     14000  $00,00,14,000.00           $00,00,14,000.00                         
     13500  $00,00,13,500.00           $00,00,13,500.00                         
     12000  $00,00,12,000.00           $00,00,12,000.00                         
     11000  $00,00,11,000.00           $00,00,11,000.00                         
     10500  $00,00,10,500.00           $00,00,10,500.00                         
     10000  $00,00,10,000.00           $00,00,10,000.00                         
      9500  $00,00,09,500.00           $00,00,09,500.00                         
      9000  $00,00,09,000.00           $00,00,09,000.00                         
      8000  $00,00,08,000.00           $00,00,08,000.00                         
      7500  $00,00,07,500.00           $00,00,07,500.00                         

    SALARY TO_CHAR(SALARY,'$ TO_CHAR(SALARY,'L00,00,00,                         
---------- ----------------- --------------------------                         
      7000  $00,00,07,000.00           $00,00,07,000.00                         
     10000  $00,00,10,000.00           $00,00,10,000.00                         
      9500  $00,00,09,500.00           $00,00,09,500.00                         
      9000  $00,00,09,000.00           $00,00,09,000.00                         
      8000  $00,00,08,000.00           $00,00,08,000.00                         
      7500  $00,00,07,500.00           $00,00,07,500.00                         
      7000  $00,00,07,000.00           $00,00,07,000.00                         
     10500  $00,00,10,500.00           $00,00,10,500.00                         
      9500  $00,00,09,500.00           $00,00,09,500.00                         
      7200  $00,00,07,200.00           $00,00,07,200.00                         
      6800  $00,00,06,800.00           $00,00,06,800.00                         

    SALARY TO_CHAR(SALARY,'$ TO_CHAR(SALARY,'L00,00,00,                         
---------- ----------------- --------------------------                         
      6400  $00,00,06,400.00           $00,00,06,400.00                         
      6200  $00,00,06,200.00           $00,00,06,200.00                         
     11500  $00,00,11,500.00           $00,00,11,500.00                         
     10000  $00,00,10,000.00           $00,00,10,000.00                         
      9600  $00,00,09,600.00           $00,00,09,600.00                         
      7400  $00,00,07,400.00           $00,00,07,400.00                         
      7300  $00,00,07,300.00           $00,00,07,300.00                         
      6100  $00,00,06,100.00           $00,00,06,100.00                         
     11000  $00,00,11,000.00           $00,00,11,000.00                         
      8800  $00,00,08,800.00           $00,00,08,800.00                         
      8600  $00,00,08,600.00           $00,00,08,600.00                         

    SALARY TO_CHAR(SALARY,'$ TO_CHAR(SALARY,'L00,00,00,                         
---------- ----------------- --------------------------                         
      8400  $00,00,08,400.00           $00,00,08,400.00                         
      7000  $00,00,07,000.00           $00,00,07,000.00                         
      6200  $00,00,06,200.00           $00,00,06,200.00                         
      3200  $00,00,03,200.00           $00,00,03,200.00                         
      3100  $00,00,03,100.00           $00,00,03,100.00                         
      2500  $00,00,02,500.00           $00,00,02,500.00                         
      2800  $00,00,02,800.00           $00,00,02,800.00                         
      4200  $00,00,04,200.00           $00,00,04,200.00                         
      4100  $00,00,04,100.00           $00,00,04,100.00                         
      3400  $00,00,03,400.00           $00,00,03,400.00                         
      3000  $00,00,03,000.00           $00,00,03,000.00                         

    SALARY TO_CHAR(SALARY,'$ TO_CHAR(SALARY,'L00,00,00,                         
---------- ----------------- --------------------------                         
      3800  $00,00,03,800.00           $00,00,03,800.00                         
      3600  $00,00,03,600.00           $00,00,03,600.00                         
      2900  $00,00,02,900.00           $00,00,02,900.00                         
      2500  $00,00,02,500.00           $00,00,02,500.00                         
      4000  $00,00,04,000.00           $00,00,04,000.00                         
      3900  $00,00,03,900.00           $00,00,03,900.00                         
      3200  $00,00,03,200.00           $00,00,03,200.00                         
      2800  $00,00,02,800.00           $00,00,02,800.00                         
      3100  $00,00,03,100.00           $00,00,03,100.00                         
      3000  $00,00,03,000.00           $00,00,03,000.00                         
      2600  $00,00,02,600.00           $00,00,02,600.00                         

    SALARY TO_CHAR(SALARY,'$ TO_CHAR(SALARY,'L00,00,00,                         
---------- ----------------- --------------------------                         
      2600  $00,00,02,600.00           $00,00,02,600.00                         
      4400  $00,00,04,400.00           $00,00,04,400.00                         
     13000  $00,00,13,000.00           $00,00,13,000.00                         
      6000  $00,00,06,000.00           $00,00,06,000.00                         
      6500  $00,00,06,500.00           $00,00,06,500.00                         
     10000  $00,00,10,000.00           $00,00,10,000.00                         
     12008  $00,00,12,008.00           $00,00,12,008.00                         
      8300  $00,00,08,300.00           $00,00,08,300.00                         

107 rows selected.

SQL> select to_number('10590','99,99,99,999.99')
  2  from   dual;
select to_number('10590','99,99,99,999.99')
                 *
ERROR at line 1:
ORA-01722: invalid number 


SQL> select to_number(10590,'99,99,99,999.99')
  2  from   dual;
select to_number(10590,'99,99,99,999.99')
                 *
ERROR at line 1:
ORA-01722: invalid number 


SQL> select 112050980,to_number(to_char(112050980,'99,99,99,999.99'),'99,99,99,999.99')
  2  from   dual;

 112050980 TO_NUMBER(TO_CHAR(112050980,'99,99,99,999.99'),'99,99,99,999.99')    
---------- -----------------------------------------------------------------    
 112050980                                                         112050980    

SQL> select to_date('01-jan-12','DD-MON-RR')
  2  from   dual;

TO_DATE('                                                                       
---------                                                                       
01-JAN-12                                                                       

SQL> 
SQL> 
SQL> select to_date('04-mar-22','DD-MON-RR')+2
  2  from   dual;

TO_DATE('                                                                       
---------                                                                       
06-MAR-22                                                                       

SQL> select '04-mar-22',to_date('04-mar-22','DD-MON-RR')+2
  2  from   dual;

'04-MAR-2 TO_DATE('                                                             
--------- ---------                                                             
04-mar-22 06-MAR-22                                                             

SQL> select '04-mar-22'+2,to_date('04-mar-22','DD-MON-RR')+2
  2  from   dual;
select '04-mar-22'+2,to_date('04-mar-22','DD-MON-RR')+2
       *
ERROR at line 1:
ORA-01722: invalid number 


SQL> cl scr

SQL> SELECT last_name, TO_CHAR(hire_date, 'DD-Mon-YYYY')
  2  FROM   employees
  3  WHERE  hire_date < TO_DATE('01-Jan-90','DD-Mon-RR');

no rows selected

SQL> SELECT last_name, TO_CHAR(hire_date, 'DD-Mon-YYYY')
  2  FROM   employees
  3  WHERE  hire_date < TO_DATE('01-Jan-90','DD-Mon-YY');

LAST_NAME       TO_CHAR(HIRE_DATE,'D                                            
--------------- --------------------                                            
King            17-Jun-2003                                                     
Kochhar         21-Sep-2005                                                     
De Haan         13-Jan-2001                                                     
Hunold          03-Jan-2006                                                     
Ernst           21-May-2007                                                     
Austin          25-Jun-2005                                                     
Pataballa       05-Feb-2006                                                     
Lorentz         07-Feb-2007                                                     
Greenberg       17-Aug-2002                                                     
Faviet          16-Aug-2002                                                     
Chen            28-Sep-2005                                                     

LAST_NAME       TO_CHAR(HIRE_DATE,'D                                            
--------------- --------------------                                            
Sciarra         30-Sep-2005                                                     
Urman           07-Mar-2006                                                     
Popp            07-Dec-2007                                                     
Raphaely        07-Dec-2002                                                     
Khoo            18-May-2003                                                     
Baida           24-Dec-2005                                                     
Tobias          24-Jul-2005                                                     
Himuro          15-Nov-2006                                                     
Colmenares      10-Aug-2007                                                     
Weiss           18-Jul-2004                                                     
Fripp           10-Apr-2005                                                     

LAST_NAME       TO_CHAR(HIRE_DATE,'D                                            
--------------- --------------------                                            
Kaufling        01-May-2003                                                     
Vollman         10-Oct-2005                                                     
Mourgos         16-Nov-2007                                                     
Nayer           16-Jul-2005                                                     
Mikkilineni     28-Sep-2006                                                     
Landry          14-Jan-2007                                                     
Markle          08-Mar-2008                                                     
Bissot          20-Aug-2005                                                     
Atkinson        30-Oct-2005                                                     
Marlow          16-Feb-2005                                                     
Olson           10-Apr-2007                                                     

LAST_NAME       TO_CHAR(HIRE_DATE,'D                                            
--------------- --------------------                                            
Mallin          14-Jun-2004                                                     
Rogers          26-Aug-2006                                                     
Gee             12-Dec-2007                                                     
Philtanker      06-Feb-2008                                                     
Ladwig          14-Jul-2003                                                     
Stiles          26-Oct-2005                                                     
Seo             12-Feb-2006                                                     
Patel           06-Apr-2006                                                     
Rajs            17-Oct-2003                                                     
Davies          29-Jan-2005                                                     
Matos           15-Mar-2006                                                     

LAST_NAME       TO_CHAR(HIRE_DATE,'D                                            
--------------- --------------------                                            
Vargas          09-Jul-2006                                                     
Russell         01-Oct-2004                                                     
Partners        05-Jan-2005                                                     
Errazuriz       10-Mar-2005                                                     
Cambrault       15-Oct-2007                                                     
Zlotkey         29-Jan-2008                                                     
Tucker          30-Jan-2005                                                     
Bernstein       24-Mar-2005                                                     
Hall            20-Aug-2005                                                     
Olsen           30-Mar-2006                                                     
Cambrault       09-Dec-2006                                                     

LAST_NAME       TO_CHAR(HIRE_DATE,'D                                            
--------------- --------------------                                            
Tuvault         23-Nov-2007                                                     
King            30-Jan-2004                                                     
Sully           04-Mar-2004                                                     
McEwen          01-Aug-2004                                                     
Smith           10-Mar-2005                                                     
Doran           15-Dec-2005                                                     
Sewall          03-Nov-2006                                                     
Vishney         11-Nov-2005                                                     
Greene          19-Mar-2007                                                     
Marvins         24-Jan-2008                                                     
Lee             23-Feb-2008                                                     

LAST_NAME       TO_CHAR(HIRE_DATE,'D                                            
--------------- --------------------                                            
Ande            24-Mar-2008                                                     
Banda           21-Apr-2008                                                     
Ozer            11-Mar-2005                                                     
Bloom           23-Mar-2006                                                     
Fox             24-Jan-2006                                                     
Smith           23-Feb-2007                                                     
Bates           24-Mar-2007                                                     
Kumar           21-Apr-2008                                                     
Abel            11-May-2004                                                     
Hutton          19-Mar-2005                                                     
Taylor          24-Mar-2006                                                     

LAST_NAME       TO_CHAR(HIRE_DATE,'D                                            
--------------- --------------------                                            
Livingston      23-Apr-2006                                                     
Grant           24-May-2007                                                     
Johnson         04-Jan-2008                                                     
Taylor          24-Jan-2006                                                     
Fleaur          23-Feb-2006                                                     
Sullivan        21-Jun-2007                                                     
Geoni           03-Feb-2008                                                     
Sarchand        27-Jan-2004                                                     
Bull            20-Feb-2005                                                     
Dellinger       24-Jun-2006                                                     
Cabrio          07-Feb-2007                                                     

LAST_NAME       TO_CHAR(HIRE_DATE,'D                                            
--------------- --------------------                                            
Chung           14-Jun-2005                                                     
Dilly           13-Aug-2005                                                     
Gates           11-Jul-2006                                                     
Perkins         19-Dec-2007                                                     
Bell            04-Feb-2004                                                     
Everett         03-Mar-2005                                                     
McCain          01-Jul-2006                                                     
Jones           17-Mar-2007                                                     
Walsh           24-Apr-2006                                                     
Feeney          23-May-2006                                                     
OConnell        21-Jun-2007                                                     

LAST_NAME       TO_CHAR(HIRE_DATE,'D                                            
--------------- --------------------                                            
Grant           13-Jan-2008                                                     
Whalen          17-Sep-2003                                                     
Hartstein       17-Feb-2004                                                     
Fay             17-Aug-2005                                                     
Mavris          07-Jun-2002                                                     
Baer            07-Jun-2002                                                     
Higgins         07-Jun-2002                                                     
Gietz           07-Jun-2002                                                     

107 rows selected.

SQL> 
SQL> 
SQL> cl scr

SQL> select salary,commission_pct
  2  from   employees;

    SALARY COMMISSION_PCT                                                       
---------- --------------                                                       
     24000                                                                      
     17000                                                                      
     17000                                                                      
      9000                                                                      
      6000                                                                      
      4800                                                                      
      4800                                                                      
      4200                                                                      
     12008                                                                      
      9000                                                                      
      8200                                                                      

    SALARY COMMISSION_PCT                                                       
---------- --------------                                                       
      7700                                                                      
      7800                                                                      
      6900                                                                      
     11000                                                                      
      3100                                                                      
      2900                                                                      
      2800                                                                      
      2600                                                                      
      2500                                                                      
      8000                                                                      
      8200                                                                      

    SALARY COMMISSION_PCT                                                       
---------- --------------                                                       
      7900                                                                      
      6500                                                                      
      5800                                                                      
      3200                                                                      
      2700                                                                      
      2400                                                                      
      2200                                                                      
      3300                                                                      
      2800                                                                      
      2500                                                                      
      2100                                                                      

    SALARY COMMISSION_PCT                                                       
---------- --------------                                                       
      3300                                                                      
      2900                                                                      
      2400                                                                      
      2200                                                                      
      3600                                                                      
      3200                                                                      
      2700                                                                      
      2500                                                                      
      3500                                                                      
      3100                                                                      
      2600                                                                      

    SALARY COMMISSION_PCT                                                       
---------- --------------                                                       
      2500                                                                      
     14000             .4                                                       
     13500             .3                                                       
     12000             .3                                                       
     11000             .3                                                       
     10500             .2                                                       
     10000             .3                                                       
      9500            .25                                                       
      9000            .25                                                       
      8000             .2                                                       
      7500             .2                                                       

    SALARY COMMISSION_PCT                                                       
---------- --------------                                                       
      7000            .15                                                       
     10000            .35                                                       
      9500            .35                                                       
      9000            .35                                                       
      8000             .3                                                       
      7500             .3                                                       
      7000            .25                                                       
     10500            .25                                                       
      9500            .15                                                       
      7200             .1                                                       
      6800             .1                                                       

    SALARY COMMISSION_PCT                                                       
---------- --------------                                                       
      6400             .1                                                       
      6200             .1                                                       
     11500            .25                                                       
     10000             .2                                                       
      9600             .2                                                       
      7400            .15                                                       
      7300            .15                                                       
      6100             .1                                                       
     11000             .3                                                       
      8800            .25                                                       
      8600             .2                                                       

    SALARY COMMISSION_PCT                                                       
---------- --------------                                                       
      8400             .2                                                       
      7000            .15                                                       
      6200             .1                                                       
      3200                                                                      
      3100                                                                      
      2500                                                                      
      2800                                                                      
      4200                                                                      
      4100                                                                      
      3400                                                                      
      3000                                                                      

    SALARY COMMISSION_PCT                                                       
---------- --------------                                                       
      3800                                                                      
      3600                                                                      
      2900                                                                      
      2500                                                                      
      4000                                                                      
      3900                                                                      
      3200                                                                      
      2800                                                                      
      3100                                                                      
      3000                                                                      
      2600                                                                      

    SALARY COMMISSION_PCT                                                       
---------- --------------                                                       
      2600                                                                      
      4400                                                                      
     13000                                                                      
      6000                                                                      
      6500                                                                      
     10000                                                                      
     12008                                                                      
      8300                                                                      

107 rows selected.

SQL> 4SELECT last_name, salary, commission_pct,
SP2-0734: unknown command beginning "4SELECT la..." - rest of line ignored.
SQL>        NVL2(commission_pct,'SAL+COMM', 'SAL') income
SP2-0734: unknown command beginning "NVL2(commi..." - rest of line ignored.
SQL> FROM   employees
SP2-0734: unknown command beginning "FROM   emp..." - rest of line ignored.
SQL> WHERE  department_id IN (50, 80);
SP2-0734: unknown command beginning "WHERE  dep..." - rest of line ignored.
SP2-0044: For a list of known commands enter HELP
and to leave enter EXIT.
SQL> 
SQL> 
SQL> 
SQL> cl scr

SQL> SELECT last_name, salary, commission_pct,
  2         NVL2(commission_pct,'SAL+COMM', 'SAL') income
  3  FROM   employees
  4  WHERE  department_id IN (50, 80);

LAST_NAME           SALARY COMMISSION_PCT INCOME                                
--------------- ---------- -------------- --------                              
Weiss                 8000                SAL                                   
Fripp                 8200                SAL                                   
Kaufling              7900                SAL                                   
Vollman               6500                SAL                                   
Mourgos               5800                SAL                                   
Nayer                 3200                SAL                                   
Mikkilineni           2700                SAL                                   
Landry                2400                SAL                                   
Markle                2200                SAL                                   
Bissot                3300                SAL                                   
Atkinson              2800                SAL                                   

LAST_NAME           SALARY COMMISSION_PCT INCOME                                
--------------- ---------- -------------- --------                              
Marlow                2500                SAL                                   
Olson                 2100                SAL                                   
Mallin                3300                SAL                                   
Rogers                2900                SAL                                   
Gee                   2400                SAL                                   
Philtanker            2200                SAL                                   
Ladwig                3600                SAL                                   
Stiles                3200                SAL                                   
Seo                   2700                SAL                                   
Patel                 2500                SAL                                   
Rajs                  3500                SAL                                   

LAST_NAME           SALARY COMMISSION_PCT INCOME                                
--------------- ---------- -------------- --------                              
Davies                3100                SAL                                   
Matos                 2600                SAL                                   
Vargas                2500                SAL                                   
Russell              14000             .4 SAL+COMM                              
Partners             13500             .3 SAL+COMM                              
Errazuriz            12000             .3 SAL+COMM                              
Cambrault            11000             .3 SAL+COMM                              
Zlotkey              10500             .2 SAL+COMM                              
Tucker               10000             .3 SAL+COMM                              
Bernstein             9500            .25 SAL+COMM                              
Hall                  9000            .25 SAL+COMM                              

LAST_NAME           SALARY COMMISSION_PCT INCOME                                
--------------- ---------- -------------- --------                              
Olsen                 8000             .2 SAL+COMM                              
Cambrault             7500             .2 SAL+COMM                              
Tuvault               7000            .15 SAL+COMM                              
King                 10000            .35 SAL+COMM                              
Sully                 9500            .35 SAL+COMM                              
McEwen                9000            .35 SAL+COMM                              
Smith                 8000             .3 SAL+COMM                              
Doran                 7500             .3 SAL+COMM                              
Sewall                7000            .25 SAL+COMM                              
Vishney              10500            .25 SAL+COMM                              
Greene                9500            .15 SAL+COMM                              

LAST_NAME           SALARY COMMISSION_PCT INCOME                                
--------------- ---------- -------------- --------                              
Marvins               7200             .1 SAL+COMM                              
Lee                   6800             .1 SAL+COMM                              
Ande                  6400             .1 SAL+COMM                              
Banda                 6200             .1 SAL+COMM                              
Ozer                 11500            .25 SAL+COMM                              
Bloom                10000             .2 SAL+COMM                              
Fox                   9600             .2 SAL+COMM                              
Smith                 7400            .15 SAL+COMM                              
Bates                 7300            .15 SAL+COMM                              
Kumar                 6100             .1 SAL+COMM                              
Abel                 11000             .3 SAL+COMM                              

LAST_NAME           SALARY COMMISSION_PCT INCOME                                
--------------- ---------- -------------- --------                              
Hutton                8800            .25 SAL+COMM                              
Taylor                8600             .2 SAL+COMM                              
Livingston            8400             .2 SAL+COMM                              
Johnson               6200             .1 SAL+COMM                              
Taylor                3200                SAL                                   
Fleaur                3100                SAL                                   
Sullivan              2500                SAL                                   
Geoni                 2800                SAL                                   
Sarchand              4200                SAL                                   
Bull                  4100                SAL                                   
Dellinger             3400                SAL                                   

LAST_NAME           SALARY COMMISSION_PCT INCOME                                
--------------- ---------- -------------- --------                              
Cabrio                3000                SAL                                   
Chung                 3800                SAL                                   
Dilly                 3600                SAL                                   
Gates                 2900                SAL                                   
Perkins               2500                SAL                                   
Bell                  4000                SAL                                   
Everett               3900                SAL                                   
McCain                3200                SAL                                   
Jones                 2800                SAL                                   
Walsh                 3100                SAL                                   
Feeney                3000                SAL                                   

LAST_NAME           SALARY COMMISSION_PCT INCOME                                
--------------- ---------- -------------- --------                              
OConnell              2600                SAL                                   
Grant                 2600                SAL                                   

79 rows selected.

SQL> 
SQL> SELECT last_name, employee_id,
  2         COALESCE(TO_CHAR(commission_pct),TO_CHAR(manager_id),'No commission and no manager')
  3  FROM   employees;

LAST_NAME       EMPLOYEE_ID COALESCE(TO_CHAR(COMMISSION_PCT),TO_CHAR            
--------------- ----------- ----------------------------------------            
King                    100 No commission and no manager                        
Kochhar                 101 100                                                 
De Haan                 102 100                                                 
Hunold                  103 102                                                 
Ernst                   104 103                                                 
Austin                  105 103                                                 
Pataballa               106 103                                                 
Lorentz                 107 103                                                 
Greenberg               108 101                                                 
Faviet                  109 108                                                 
Chen                    110 108                                                 

LAST_NAME       EMPLOYEE_ID COALESCE(TO_CHAR(COMMISSION_PCT),TO_CHAR            
--------------- ----------- ----------------------------------------            
Sciarra                 111 108                                                 
Urman                   112 108                                                 
Popp                    113 108                                                 
Raphaely                114 100                                                 
Khoo                    115 114                                                 
Baida                   116 114                                                 
Tobias                  117 114                                                 
Himuro                  118 114                                                 
Colmenares              119 114                                                 
Weiss                   120 100                                                 
Fripp                   121 100                                                 

LAST_NAME       EMPLOYEE_ID COALESCE(TO_CHAR(COMMISSION_PCT),TO_CHAR            
--------------- ----------- ----------------------------------------            
Kaufling                122 100                                                 
Vollman                 123 100                                                 
Mourgos                 124 100                                                 
Nayer                   125 120                                                 
Mikkilineni             126 120                                                 
Landry                  127 120                                                 
Markle                  128 120                                                 
Bissot                  129 121                                                 
Atkinson                130 121                                                 
Marlow                  131 121                                                 
Olson                   132 121                                                 

LAST_NAME       EMPLOYEE_ID COALESCE(TO_CHAR(COMMISSION_PCT),TO_CHAR            
--------------- ----------- ----------------------------------------            
Mallin                  133 122                                                 
Rogers                  134 122                                                 
Gee                     135 122                                                 
Philtanker              136 122                                                 
Ladwig                  137 123                                                 
Stiles                  138 123                                                 
Seo                     139 123                                                 
Patel                   140 123                                                 
Rajs                    141 124                                                 
Davies                  142 124                                                 
Matos                   143 124                                                 

LAST_NAME       EMPLOYEE_ID COALESCE(TO_CHAR(COMMISSION_PCT),TO_CHAR            
--------------- ----------- ----------------------------------------            
Vargas                  144 124                                                 
Russell                 145 .4                                                  
Partners                146 .3                                                  
Errazuriz               147 .3                                                  
Cambrault               148 .3                                                  
Zlotkey                 149 .2                                                  
Tucker                  150 .3                                                  
Bernstein               151 .25                                                 
Hall                    152 .25                                                 
Olsen                   153 .2                                                  
Cambrault               154 .2                                                  

LAST_NAME       EMPLOYEE_ID COALESCE(TO_CHAR(COMMISSION_PCT),TO_CHAR            
--------------- ----------- ----------------------------------------            
Tuvault                 155 .15                                                 
King                    156 .35                                                 
Sully                   157 .35                                                 
McEwen                  158 .35                                                 
Smith                   159 .3                                                  
Doran                   160 .3                                                  
Sewall                  161 .25                                                 
Vishney                 162 .25                                                 
Greene                  163 .15                                                 
Marvins                 164 .1                                                  
Lee                     165 .1                                                  

LAST_NAME       EMPLOYEE_ID COALESCE(TO_CHAR(COMMISSION_PCT),TO_CHAR            
--------------- ----------- ----------------------------------------            
Ande                    166 .1                                                  
Banda                   167 .1                                                  
Ozer                    168 .25                                                 
Bloom                   169 .2                                                  
Fox                     170 .2                                                  
Smith                   171 .15                                                 
Bates                   172 .15                                                 
Kumar                   173 .1                                                  
Abel                    174 .3                                                  
Hutton                  175 .25                                                 
Taylor                  176 .2                                                  

LAST_NAME       EMPLOYEE_ID COALESCE(TO_CHAR(COMMISSION_PCT),TO_CHAR            
--------------- ----------- ----------------------------------------            
Livingston              177 .2                                                  
Grant                   178 .15                                                 
Johnson                 179 .1                                                  
Taylor                  180 120                                                 
Fleaur                  181 120                                                 
Sullivan                182 120                                                 
Geoni                   183 120                                                 
Sarchand                184 121                                                 
Bull                    185 121                                                 
Dellinger               186 121                                                 
Cabrio                  187 121                                                 

LAST_NAME       EMPLOYEE_ID COALESCE(TO_CHAR(COMMISSION_PCT),TO_CHAR            
--------------- ----------- ----------------------------------------            
Chung                   188 122                                                 
Dilly                   189 122                                                 
Gates                   190 122                                                 
Perkins                 191 122                                                 
Bell                    192 123                                                 
Everett                 193 123                                                 
McCain                  194 123                                                 
Jones                   195 123                                                 
Walsh                   196 124                                                 
Feeney                  197 124                                                 
OConnell                198 124                                                 

LAST_NAME       EMPLOYEE_ID COALESCE(TO_CHAR(COMMISSION_PCT),TO_CHAR            
--------------- ----------- ----------------------------------------            
Grant                   199 124                                                 
Whalen                  200 101                                                 
Hartstein               201 100                                                 
Fay                     202 201                                                 
Mavris                  203 101                                                 
Baer                    204 101                                                 
Higgins                 205 101                                                 
Gietz                   206 205                                                 

107 rows selected.

SQL> 
SQL> 
SQL> cl scvr
SP2-0158: unknown CLEAR option "scvr"
SQL> cl scr

SQL> SELECT last_name, job_id, salary,
  2          CASE job_id WHEN 'IT_PROG'  THEN 1.10*salary
  3                      WHEN 'ST_CLERK' THEN 1.15*salary
  4                      WHEN 'SA_REP'   THEN 1.20*salary
  5          ELSE salary
  6          END "REVISED_SALARY"
  7  FROM   employees;

LAST_NAME       JOB_ID         SALARY REVISED_SALARY                            
--------------- ---------- ---------- --------------                            
King            AD_PRES         24000          24000                            
Kochhar         AD_VP           17000          17000                            
De Haan         AD_VP           17000          17000                            
Hunold          IT_PROG          9000           9900                            
Ernst           IT_PROG          6000           6600                            
Austin          IT_PROG          4800           5280                            
Pataballa       IT_PROG          4800           5280                            
Lorentz         IT_PROG          4200           4620                            
Greenberg       FI_MGR          12008          12008                            
Faviet          FI_ACCOUNT       9000           9000                            
Chen            FI_ACCOUNT       8200           8200                            

LAST_NAME       JOB_ID         SALARY REVISED_SALARY                            
--------------- ---------- ---------- --------------                            
Sciarra         FI_ACCOUNT       7700           7700                            
Urman           FI_ACCOUNT       7800           7800                            
Popp            FI_ACCOUNT       6900           6900                            
Raphaely        PU_MAN          11000          11000                            
Khoo            PU_CLERK         3100           3100                            
Baida           PU_CLERK         2900           2900                            
Tobias          PU_CLERK         2800           2800                            
Himuro          PU_CLERK         2600           2600                            
Colmenares      PU_CLERK         2500           2500                            
Weiss           ST_MAN           8000           8000                            
Fripp           ST_MAN           8200           8200                            

LAST_NAME       JOB_ID         SALARY REVISED_SALARY                            
--------------- ---------- ---------- --------------                            
Kaufling        ST_MAN           7900           7900                            
Vollman         ST_MAN           6500           6500                            
Mourgos         ST_MAN           5800           5800                            
Nayer           ST_CLERK         3200           3680                            
Mikkilineni     ST_CLERK         2700           3105                            
Landry          ST_CLERK         2400           2760                            
Markle          ST_CLERK         2200           2530                            
Bissot          ST_CLERK         3300           3795                            
Atkinson        ST_CLERK         2800           3220                            
Marlow          ST_CLERK         2500           2875                            
Olson           ST_CLERK         2100           2415                            

LAST_NAME       JOB_ID         SALARY REVISED_SALARY                            
--------------- ---------- ---------- --------------                            
Mallin          ST_CLERK         3300           3795                            
Rogers          ST_CLERK         2900           3335                            
Gee             ST_CLERK         2400           2760                            
Philtanker      ST_CLERK         2200           2530                            
Ladwig          ST_CLERK         3600           4140                            
Stiles          ST_CLERK         3200           3680                            
Seo             ST_CLERK         2700           3105                            
Patel           ST_CLERK         2500           2875                            
Rajs            ST_CLERK         3500           4025                            
Davies          ST_CLERK         3100           3565                            
Matos           ST_CLERK         2600           2990                            

LAST_NAME       JOB_ID         SALARY REVISED_SALARY                            
--------------- ---------- ---------- --------------                            
Vargas          ST_CLERK         2500           2875                            
Russell         SA_MAN          14000          14000                            
Partners        SA_MAN          13500          13500                            
Errazuriz       SA_MAN          12000          12000                            
Cambrault       SA_MAN          11000          11000                            
Zlotkey         SA_MAN          10500          10500                            
Tucker          SA_REP          10000          12000                            
Bernstein       SA_REP           9500          11400                            
Hall            SA_REP           9000          10800                            
Olsen           SA_REP           8000           9600                            
Cambrault       SA_REP           7500           9000                            

LAST_NAME       JOB_ID         SALARY REVISED_SALARY                            
--------------- ---------- ---------- --------------                            
Tuvault         SA_REP           7000           8400                            
King            SA_REP          10000          12000                            
Sully           SA_REP           9500          11400                            
McEwen          SA_REP           9000          10800                            
Smith           SA_REP           8000           9600                            
Doran           SA_REP           7500           9000                            
Sewall          SA_REP           7000           8400                            
Vishney         SA_REP          10500          12600                            
Greene          SA_REP           9500          11400                            
Marvins         SA_REP           7200           8640                            
Lee             SA_REP           6800           8160                            

LAST_NAME       JOB_ID         SALARY REVISED_SALARY                            
--------------- ---------- ---------- --------------                            
Ande            SA_REP           6400           7680                            
Banda           SA_REP           6200           7440                            
Ozer            SA_REP          11500          13800                            
Bloom           SA_REP          10000          12000                            
Fox             SA_REP           9600          11520                            
Smith           SA_REP           7400           8880                            
Bates           SA_REP           7300           8760                            
Kumar           SA_REP           6100           7320                            
Abel            SA_REP          11000          13200                            
Hutton          SA_REP           8800          10560                            
Taylor          SA_REP           8600          10320                            

LAST_NAME       JOB_ID         SALARY REVISED_SALARY                            
--------------- ---------- ---------- --------------                            
Livingston      SA_REP           8400          10080                            
Grant           SA_REP           7000           8400                            
Johnson         SA_REP           6200           7440                            
Taylor          SH_CLERK         3200           3200                            
Fleaur          SH_CLERK         3100           3100                            
Sullivan        SH_CLERK         2500           2500                            
Geoni           SH_CLERK         2800           2800                            
Sarchand        SH_CLERK         4200           4200                            
Bull            SH_CLERK         4100           4100                            
Dellinger       SH_CLERK         3400           3400                            
Cabrio          SH_CLERK         3000           3000                            

LAST_NAME       JOB_ID         SALARY REVISED_SALARY                            
--------------- ---------- ---------- --------------                            
Chung           SH_CLERK         3800           3800                            
Dilly           SH_CLERK         3600           3600                            
Gates           SH_CLERK         2900           2900                            
Perkins         SH_CLERK         2500           2500                            
Bell            SH_CLERK         4000           4000                            
Everett         SH_CLERK         3900           3900                            
McCain          SH_CLERK         3200           3200                            
Jones           SH_CLERK         2800           2800                            
Walsh           SH_CLERK         3100           3100                            
Feeney          SH_CLERK         3000           3000                            
OConnell        SH_CLERK         2600           2600                            

LAST_NAME       JOB_ID         SALARY REVISED_SALARY                            
--------------- ---------- ---------- --------------                            
Grant           SH_CLERK         2600           2600                            
Whalen          AD_ASST          4400           4400                            
Hartstein       MK_MAN          13000          13000                            
Fay             MK_REP           6000           6000                            
Mavris          HR_REP           6500           6500                            
Baer            PR_REP          10000          10000                            
Higgins         AC_MGR          12008          12008                            
Gietz           AC_ACCOUNT       8300           8300                            

107 rows selected.

SQL> SELECT last_name, job_id, salary,
  2          DECODE(job_id, 'IT_PROG',  1.10*salary,
  3                         'ST_CLERK', 1.15*salary,
  4                         'SA_REP',   1.20*salary,
  5                 salary)REVISED_SALARY
  6  FROM   employees;

LAST_NAME       JOB_ID         SALARY REVISED_SALARY                            
--------------- ---------- ---------- --------------                            
King            AD_PRES         24000          24000                            
Kochhar         AD_VP           17000          17000                            
De Haan         AD_VP           17000          17000                            
Hunold          IT_PROG          9000           9900                            
Ernst           IT_PROG          6000           6600                            
Austin          IT_PROG          4800           5280                            
Pataballa       IT_PROG          4800           5280                            
Lorentz         IT_PROG          4200           4620                            
Greenberg       FI_MGR          12008          12008                            
Faviet          FI_ACCOUNT       9000           9000                            
Chen            FI_ACCOUNT       8200           8200                            

LAST_NAME       JOB_ID         SALARY REVISED_SALARY                            
--------------- ---------- ---------- --------------                            
Sciarra         FI_ACCOUNT       7700           7700                            
Urman           FI_ACCOUNT       7800           7800                            
Popp            FI_ACCOUNT       6900           6900                            
Raphaely        PU_MAN          11000          11000                            
Khoo            PU_CLERK         3100           3100                            
Baida           PU_CLERK         2900           2900                            
Tobias          PU_CLERK         2800           2800                            
Himuro          PU_CLERK         2600           2600                            
Colmenares      PU_CLERK         2500           2500                            
Weiss           ST_MAN           8000           8000                            
Fripp           ST_MAN           8200           8200                            

LAST_NAME       JOB_ID         SALARY REVISED_SALARY                            
--------------- ---------- ---------- --------------                            
Kaufling        ST_MAN           7900           7900                            
Vollman         ST_MAN           6500           6500                            
Mourgos         ST_MAN           5800           5800                            
Nayer           ST_CLERK         3200           3680                            
Mikkilineni     ST_CLERK         2700           3105                            
Landry          ST_CLERK         2400           2760                            
Markle          ST_CLERK         2200           2530                            
Bissot          ST_CLERK         3300           3795                            
Atkinson        ST_CLERK         2800           3220                            
Marlow          ST_CLERK         2500           2875                            
Olson           ST_CLERK         2100           2415                            

LAST_NAME       JOB_ID         SALARY REVISED_SALARY                            
--------------- ---------- ---------- --------------                            
Mallin          ST_CLERK         3300           3795                            
Rogers          ST_CLERK         2900           3335                            
Gee             ST_CLERK         2400           2760                            
Philtanker      ST_CLERK         2200           2530                            
Ladwig          ST_CLERK         3600           4140                            
Stiles          ST_CLERK         3200           3680                            
Seo             ST_CLERK         2700           3105                            
Patel           ST_CLERK         2500           2875                            
Rajs            ST_CLERK         3500           4025                            
Davies          ST_CLERK         3100           3565                            
Matos           ST_CLERK         2600           2990                            

LAST_NAME       JOB_ID         SALARY REVISED_SALARY                            
--------------- ---------- ---------- --------------                            
Vargas          ST_CLERK         2500           2875                            
Russell         SA_MAN          14000          14000                            
Partners        SA_MAN          13500          13500                            
Errazuriz       SA_MAN          12000          12000                            
Cambrault       SA_MAN          11000          11000                            
Zlotkey         SA_MAN          10500          10500                            
Tucker          SA_REP          10000          12000                            
Bernstein       SA_REP           9500          11400                            
Hall            SA_REP           9000          10800                            
Olsen           SA_REP           8000           9600                            
Cambrault       SA_REP           7500           9000                            

LAST_NAME       JOB_ID         SALARY REVISED_SALARY                            
--------------- ---------- ---------- --------------                            
Tuvault         SA_REP           7000           8400                            
King            SA_REP          10000          12000                            
Sully           SA_REP           9500          11400                            
McEwen          SA_REP           9000          10800                            
Smith           SA_REP           8000           9600                            
Doran           SA_REP           7500           9000                            
Sewall          SA_REP           7000           8400                            
Vishney         SA_REP          10500          12600                            
Greene          SA_REP           9500          11400                            
Marvins         SA_REP           7200           8640                            
Lee             SA_REP           6800           8160                            

LAST_NAME       JOB_ID         SALARY REVISED_SALARY                            
--------------- ---------- ---------- --------------                            
Ande            SA_REP           6400           7680                            
Banda           SA_REP           6200           7440                            
Ozer            SA_REP          11500          13800                            
Bloom           SA_REP          10000          12000                            
Fox             SA_REP           9600          11520                            
Smith           SA_REP           7400           8880                            
Bates           SA_REP           7300           8760                            
Kumar           SA_REP           6100           7320                            
Abel            SA_REP          11000          13200                            
Hutton          SA_REP           8800          10560                            
Taylor          SA_REP           8600          10320                            

LAST_NAME       JOB_ID         SALARY REVISED_SALARY                            
--------------- ---------- ---------- --------------                            
Livingston      SA_REP           8400          10080                            
Grant           SA_REP           7000           8400                            
Johnson         SA_REP           6200           7440                            
Taylor          SH_CLERK         3200           3200                            
Fleaur          SH_CLERK         3100           3100                            
Sullivan        SH_CLERK         2500           2500                            
Geoni           SH_CLERK         2800           2800                            
Sarchand        SH_CLERK         4200           4200                            
Bull            SH_CLERK         4100           4100                            
Dellinger       SH_CLERK         3400           3400                            
Cabrio          SH_CLERK         3000           3000                            

LAST_NAME       JOB_ID         SALARY REVISED_SALARY                            
--------------- ---------- ---------- --------------                            
Chung           SH_CLERK         3800           3800                            
Dilly           SH_CLERK         3600           3600                            
Gates           SH_CLERK         2900           2900                            
Perkins         SH_CLERK         2500           2500                            
Bell            SH_CLERK         4000           4000                            
Everett         SH_CLERK         3900           3900                            
McCain          SH_CLERK         3200           3200                            
Jones           SH_CLERK         2800           2800                            
Walsh           SH_CLERK         3100           3100                            
Feeney          SH_CLERK         3000           3000                            
OConnell        SH_CLERK         2600           2600                            

LAST_NAME       JOB_ID         SALARY REVISED_SALARY                            
--------------- ---------- ---------- --------------                            
Grant           SH_CLERK         2600           2600                            
Whalen          AD_ASST          4400           4400                            
Hartstein       MK_MAN          13000          13000                            
Fay             MK_REP           6000           6000                            
Mavris          HR_REP           6500           6500                            
Baer            PR_REP          10000          10000                            
Higgins         AC_MGR          12008          12008                            
Gietz           AC_ACCOUNT       8300           8300                            

107 rows selected.

SQL> 
SQL> cl scr

SQL> select sum(salary),max(salary),min(salary)
  2         avg(salary),count(salary)
  3  from   employees;
       avg(salary),count(salary)
          *
ERROR at line 2:
ORA-00923: FROM keyword not found where expected 


SQL> select sum(salary),max(salary),min(salary)
  2         avg(salary),count(salary)
  3  from   employees;
       avg(salary),count(salary)
          *
ERROR at line 2:
ORA-00923: FROM keyword not found where expected 


SQL> select sum(salary),max(salary),min(salary),
  2         avg(salary),count(salary)
  3  from   employees;

SUM(SALARY) MAX(SALARY) MIN(SALARY) AVG(SALARY) COUNT(SALARY)                   
----------- ----------- ----------- ----------- -------------                   
     691416       24000        2100  6461.83178           107                   

SQL> select sum(salary),max(salary),min(salary),
  2         avg(salary),count(salary)
  3  from   employees
  4  where  department_id=90;

SUM(SALARY) MAX(SALARY) MIN(SALARY) AVG(SALARY) COUNT(SALARY)                   
----------- ----------- ----------- ----------- -------------                   
      58000       24000       17000  19333.3333             3                   

SQL> 
SQL> 
SQL> 
SQL> 
SQL> 
SQL> 
SQL> cl scr

SQL> SELECT MIN(hire_date), MAX(hire_date)
  2  FROM   employees;

MIN(HIRE_ MAX(HIRE_                                                             
--------- ---------                                                             
13-JAN-01 21-APR-08                                                             

SQL> 
SQL> cl scr

SQL> SELECT MIN(last_name), MAX(last_name)
  2  FROM   employees;

MIN(LAST_NAME)            MAX(LAST_NAME)                                        
------------------------- -------------------------                             
Abel                      Zlotkey                                               

SQL> 
SQL> 
SQL> cl scr

SQL> 
SQL> SELECT COUNT(*)
  2  FROM   employees
  3  WHERE  department_id = 50;

  COUNT(*)                                                                      
----------                                                                      
        45                                                                      

SQL> SELECT COUNT(employee_id)
  2  FROM   employees
  3  WHERE  department_id = 50;

COUNT(EMPLOYEE_ID)                                                              
------------------                                                              
                45                                                              

SQL> SELECT COUNT(commission_pct)
  2  FROM   employees
  3  WHERE  department_id = 50;

COUNT(COMMISSION_PCT)                                                           
---------------------                                                           
                    0                                                           

SQL> select distinct department_id
  2  FROM   employees;

DEPARTMENT_ID                                                                   
-------------                                                                   
          100                                                                   
           30                                                                   
                                                                                
           90                                                                   
           20                                                                   
           70                                                                   
          110                                                                   
           50                                                                   
           80                                                                   
           40                                                                   
           60                                                                   

DEPARTMENT_ID                                                                   
-------------                                                                   
           10                                                                   

12 rows selected.

SQL> select count(distinct department_id)
  2  FROM   employees;

COUNT(DISTINCTDEPARTMENT_ID)                                                    
----------------------------                                                    
                          11                                                    

SQL> SELECT COUNT(commission_pct)
  2  FROM   employees
  3  WHERE  department_id = 50;

COUNT(COMMISSION_PCT)                                                           
---------------------                                                           
                    0                                                           

SQL> SELECT COUNT(nvl(commission_pct,0))
  2  FROM   employees
  3  WHERE  department_id = 50;

COUNT(NVL(COMMISSION_PCT,0))                                                    
----------------------------                                                    
                          45                                                    

SQL> cl scr

SQL> SELECT AVG(commission_pct)
  2  FROM   employees;

AVG(COMMISSION_PCT)                                                             
-------------------                                                             
         .222857143                                                             

SQL> 
SQL> SELECT AVG(NVL(commission_pct, 0))
  2  FROM   employees;

AVG(NVL(COMMISSION_PCT,0))                                                      
--------------------------                                                      
                .072897196                                                      

SQL> 
SQL> 
SQL> cl scr

SQL> select sum(salary),max(salary),min(salary),
  2         avg(salary),count(salary)
  3  from   employees;

SUM(SALARY) MAX(SALARY) MIN(SALARY) AVG(SALARY) COUNT(SALARY)                   
----------- ----------- ----------- ----------- -------------                   
     691416       24000        2100  6461.83178           107                   

SQL> 
SQL> select sum(salary),max(salary),min(salary),
  2         round(avg(salary)),count(salary)
  3  from   employees;

SUM(SALARY) MAX(SALARY) MIN(SALARY) ROUND(AVG(SALARY)) COUNT(SALARY)            
----------- ----------- ----------- ------------------ -------------            
     691416       24000        2100               6462           107            

SQL> select department_id,sum(salary),max(salary),min(salary),
  2         round(avg(salary)),count(salary)
  3  from   employees;
select department_id,sum(salary),max(salary),min(salary),
       *
ERROR at line 1:
ORA-00937: not a single-group group function 


SQL> 
SQL> cl scr

SQL> select department_id,sum(salary),max(salary),min(salary),
  2         round(avg(salary)),count(salary)
  3  from   employees
  4  group  by department_id
  5  order  by 1;

DEPARTMENT_ID SUM(SALARY) MAX(SALARY) MIN(SALARY) ROUND(AVG(SALARY))            
------------- ----------- ----------- ----------- ------------------            
COUNT(SALARY)                                                                   
-------------                                                                   
           10        4400        4400        4400               4400            
            1                                                                   
                                                                                
           20       19000       13000        6000               9500            
            2                                                                   
                                                                                
           30       24900       11000        2500               4150            
            6                                                                   
                                                                                

DEPARTMENT_ID SUM(SALARY) MAX(SALARY) MIN(SALARY) ROUND(AVG(SALARY))            
------------- ----------- ----------- ----------- ------------------            
COUNT(SALARY)                                                                   
-------------                                                                   
           40        6500        6500        6500               6500            
            1                                                                   
                                                                                
           50      156400        8200        2100               3476            
           45                                                                   
                                                                                
           60       28800        9000        4200               5760            
            5                                                                   
                                                                                

DEPARTMENT_ID SUM(SALARY) MAX(SALARY) MIN(SALARY) ROUND(AVG(SALARY))            
------------- ----------- ----------- ----------- ------------------            
COUNT(SALARY)                                                                   
-------------                                                                   
           70       10000       10000       10000              10000            
            1                                                                   
                                                                                
           80      304500       14000        6100               8956            
           34                                                                   
                                                                                
           90       58000       24000       17000              19333            
            3                                                                   
                                                                                

DEPARTMENT_ID SUM(SALARY) MAX(SALARY) MIN(SALARY) ROUND(AVG(SALARY))            
------------- ----------- ----------- ----------- ------------------            
COUNT(SALARY)                                                                   
-------------                                                                   
          100       51608       12008        6900               8601            
            6                                                                   
                                                                                
          110       20308       12008        8300              10154            
            2                                                                   
                                                                                
                     7000        7000        7000               7000            
            1                                                                   
                                                                                

12 rows selected.

SQL> select department_id,sum(salary),max(salary),min(salary)
  2  from   employees
  3  group  by department_id;

DEPARTMENT_ID SUM(SALARY) MAX(SALARY) MIN(SALARY)                               
------------- ----------- ----------- -----------                               
          100       51608       12008        6900                               
           30       24900       11000        2500                               
                     7000        7000        7000                               
           90       58000       24000       17000                               
           20       19000       13000        6000                               
           70       10000       10000       10000                               
          110       20308       12008        8300                               
           50      156400        8200        2100                               
           80      304500       14000        6100                               
           40        6500        6500        6500                               
           60       28800        9000        4200                               

DEPARTMENT_ID SUM(SALARY) MAX(SALARY) MIN(SALARY)                               
------------- ----------- ----------- -----------                               
           10        4400        4400        4400                               

12 rows selected.

SQL> select department_id,sum(salary),max(salary),min(salary)
  2  from   employees
  3  group  by department_id
  4  order  by 1;

DEPARTMENT_ID SUM(SALARY) MAX(SALARY) MIN(SALARY)                               
------------- ----------- ----------- -----------                               
           10        4400        4400        4400                               
           20       19000       13000        6000                               
           30       24900       11000        2500                               
           40        6500        6500        6500                               
           50      156400        8200        2100                               
           60       28800        9000        4200                               
           70       10000       10000       10000                               
           80      304500       14000        6100                               
           90       58000       24000       17000                               
          100       51608       12008        6900                               
          110       20308       12008        8300                               

DEPARTMENT_ID SUM(SALARY) MAX(SALARY) MIN(SALARY)                               
------------- ----------- ----------- -----------                               
                     7000        7000        7000                               

12 rows selected.

SQL> 
SQL> select department_id,sum(salary),max(salary),min(salary)
  2  from   employees
  3  where  department_id is not null
  4  group  by department_id
  5  order  by 1;

DEPARTMENT_ID SUM(SALARY) MAX(SALARY) MIN(SALARY)                               
------------- ----------- ----------- -----------                               
           10        4400        4400        4400                               
           20       19000       13000        6000                               
           30       24900       11000        2500                               
           40        6500        6500        6500                               
           50      156400        8200        2100                               
           60       28800        9000        4200                               
           70       10000       10000       10000                               
           80      304500       14000        6100                               
           90       58000       24000       17000                               
          100       51608       12008        6900                               
          110       20308       12008        8300                               

11 rows selected.

SQL> select department_id,sum(salary),max(salary),min(salary)
  2  from   employees
  3  where  department_id is not null
  4  and    department_id in(50,20,90,80)
  5  group  by department_id
  6  order  by 1;

DEPARTMENT_ID SUM(SALARY) MAX(SALARY) MIN(SALARY)                               
------------- ----------- ----------- -----------                               
           20       19000       13000        6000                               
           50      156400        8200        2100                               
           80      304500       14000        6100                               
           90       58000       24000       17000                               

SQL> select sum(salary),max(salary),min(salary)
  2  from   employees
  3  where  department_id is not null
  4  group  by department_id
  5  order  by department_id;

SUM(SALARY) MAX(SALARY) MIN(SALARY)                                             
----------- ----------- -----------                                             
       4400        4400        4400                                             
      19000       13000        6000                                             
      24900       11000        2500                                             
       6500        6500        6500                                             
     156400        8200        2100                                             
      28800        9000        4200                                             
      10000       10000       10000                                             
     304500       14000        6100                                             
      58000       24000       17000                                             
      51608       12008        6900                                             
      20308       12008        8300                                             

11 rows selected.

SQL> 
SQL> 
SQL> cl scr

SQL> select department_id,sum(salary),max(salary),min(salary)
  2  from   employees
  3  where  department_id is not null
  4  group  by department_id
  5  order  by 1;

DEPARTMENT_ID SUM(SALARY) MAX(SALARY) MIN(SALARY)                               
------------- ----------- ----------- -----------                               
           10        4400        4400        4400                               
           20       19000       13000        6000                               
           30       24900       11000        2500                               
           40        6500        6500        6500                               
           50      156400        8200        2100                               
           60       28800        9000        4200                               
           70       10000       10000       10000                               
           80      304500       14000        6100                               
           90       58000       24000       17000                               
          100       51608       12008        6900                               
          110       20308       12008        8300                               

11 rows selected.

SQL> select sum(salary),max(salary),min(salary)
  2  from   employees
  3  where  department_id is not null
  4  group  by department_id
  5  order  by department_id;

SUM(SALARY) MAX(SALARY) MIN(SALARY)                                             
----------- ----------- -----------                                             
       4400        4400        4400                                             
      19000       13000        6000                                             
      24900       11000        2500                                             
       6500        6500        6500                                             
     156400        8200        2100                                             
      28800        9000        4200                                             
      10000       10000       10000                                             
     304500       14000        6100                                             
      58000       24000       17000                                             
      51608       12008        6900                                             
      20308       12008        8300                                             

11 rows selected.

SQL> 
SQL> cl scr

SQL> select department_id,sum(salary),max(salary),min(salary)
  2  from   employees
  3  where  department_id is not null
  4  group  by department_id
  5  order  by 1;

DEPARTMENT_ID SUM(SALARY) MAX(SALARY) MIN(SALARY)                               
------------- ----------- ----------- -----------                               
           10        4400        4400        4400                               
           20       19000       13000        6000                               
           30       24900       11000        2500                               
           40        6500        6500        6500                               
           50      156400        8200        2100                               
           60       28800        9000        4200                               
           70       10000       10000       10000                               
           80      304500       14000        6100                               
           90       58000       24000       17000                               
          100       51608       12008        6900                               
          110       20308       12008        8300                               

11 rows selected.

SQL> 
SQL> select department_id,sum(salary),max(salary),min(salary)
  2  from   employees
  3  where  department_id is not null
  4  and    sum(salary) < 40000
  5  group  by department_id
  6  order  by 1;
and    sum(salary) < 40000
       *
ERROR at line 4:
ORA-00934: group function is not allowed here 


SQL> select    department_id,sum(salary),max(salary),min(salary)
  2  from      employees
  3  where     department_id is not null
  4  group  by department_id
  5  having    sum(salary) < 40000
  6  order  by 1;

DEPARTMENT_ID SUM(SALARY) MAX(SALARY) MIN(SALARY)                               
------------- ----------- ----------- -----------                               
           10        4400        4400        4400                               
           20       19000       13000        6000                               
           30       24900       11000        2500                               
           40        6500        6500        6500                               
           60       28800        9000        4200                               
           70       10000       10000       10000                               
          110       20308       12008        8300                               

7 rows selected.

SQL> select    department_id,sum(salary),max(salary),min(salary)
  2  from      employees
  3  where     department_id is not null
  4  group  by department_id
  5  having    sum(salary) < 40000
  6  order  by 2;

DEPARTMENT_ID SUM(SALARY) MAX(SALARY) MIN(SALARY)                               
------------- ----------- ----------- -----------                               
           10        4400        4400        4400                               
           40        6500        6500        6500                               
           70       10000       10000       10000                               
           20       19000       13000        6000                               
          110       20308       12008        8300                               
           30       24900       11000        2500                               
           60       28800        9000        4200                               

7 rows selected.

SQL> SELECT MAX(AVG(salary))
  2  FROM   employees
  3  GROUP  BY department_id;

MAX(AVG(SALARY))                                                                
----------------                                                                
      19333.3333                                                                

SQL> SELECT to_char(MAX(AVG(salary)),'99,99,99,999.99')
  2  FROM   employees
  3  GROUP  BY department_id;

TO_CHAR(MAX(AVG(                                                                
----------------                                                                
       19,333.33                                                                

SQL> select employee_id,last_name
  2  from   employees;

EMPLOYEE_ID LAST_NAME                                                           
----------- ---------------                                                     
        174 Abel                                                                
        166 Ande                                                                
        130 Atkinson                                                            
        105 Austin                                                              
        204 Baer                                                                
        116 Baida                                                               
        167 Banda                                                               
        172 Bates                                                               
        192 Bell                                                                
        151 Bernstein                                                           
        129 Bissot                                                              

EMPLOYEE_ID LAST_NAME                                                           
----------- ---------------                                                     
        169 Bloom                                                               
        185 Bull                                                                
        187 Cabrio                                                              
        148 Cambrault                                                           
        154 Cambrault                                                           
        110 Chen                                                                
        188 Chung                                                               
        119 Colmenares                                                          
        142 Davies                                                              
        102 De Haan                                                             
        186 Dellinger                                                           

EMPLOYEE_ID LAST_NAME                                                           
----------- ---------------                                                     
        189 Dilly                                                               
        160 Doran                                                               
        104 Ernst                                                               
        147 Errazuriz                                                           
        193 Everett                                                             
        109 Faviet                                                              
        202 Fay                                                                 
        197 Feeney                                                              
        181 Fleaur                                                              
        170 Fox                                                                 
        121 Fripp                                                               

EMPLOYEE_ID LAST_NAME                                                           
----------- ---------------                                                     
        190 Gates                                                               
        135 Gee                                                                 
        183 Geoni                                                               
        206 Gietz                                                               
        199 Grant                                                               
        178 Grant                                                               
        108 Greenberg                                                           
        163 Greene                                                              
        152 Hall                                                                
        201 Hartstein                                                           
        205 Higgins                                                             

EMPLOYEE_ID LAST_NAME                                                           
----------- ---------------                                                     
        118 Himuro                                                              
        103 Hunold                                                              
        175 Hutton                                                              
        179 Johnson                                                             
        195 Jones                                                               
        122 Kaufling                                                            
        115 Khoo                                                                
        156 King                                                                
        100 King                                                                
        101 Kochhar                                                             
        173 Kumar                                                               

EMPLOYEE_ID LAST_NAME                                                           
----------- ---------------                                                     
        137 Ladwig                                                              
        127 Landry                                                              
        165 Lee                                                                 
        177 Livingston                                                          
        107 Lorentz                                                             
        133 Mallin                                                              
        128 Markle                                                              
        131 Marlow                                                              
        164 Marvins                                                             
        143 Matos                                                               
        203 Mavris                                                              

EMPLOYEE_ID LAST_NAME                                                           
----------- ---------------                                                     
        194 McCain                                                              
        158 McEwen                                                              
        126 Mikkilineni                                                         
        124 Mourgos                                                             
        125 Nayer                                                               
        198 OConnell                                                            
        153 Olsen                                                               
        132 Olson                                                               
        168 Ozer                                                                
        146 Partners                                                            
        106 Pataballa                                                           

EMPLOYEE_ID LAST_NAME                                                           
----------- ---------------                                                     
        140 Patel                                                               
        191 Perkins                                                             
        136 Philtanker                                                          
        113 Popp                                                                
        141 Rajs                                                                
        114 Raphaely                                                            
        134 Rogers                                                              
        145 Russell                                                             
        184 Sarchand                                                            
        111 Sciarra                                                             
        139 Seo                                                                 

EMPLOYEE_ID LAST_NAME                                                           
----------- ---------------                                                     
        161 Sewall                                                              
        159 Smith                                                               
        171 Smith                                                               
        138 Stiles                                                              
        182 Sullivan                                                            
        157 Sully                                                               
        176 Taylor                                                              
        180 Taylor                                                              
        117 Tobias                                                              
        150 Tucker                                                              
        155 Tuvault                                                             

EMPLOYEE_ID LAST_NAME                                                           
----------- ---------------                                                     
        112 Urman                                                               
        144 Vargas                                                              
        162 Vishney                                                             
        123 Vollman                                                             
        196 Walsh                                                               
        120 Weiss                                                               
        200 Whalen                                                              
        149 Zlotkey                                                             

107 rows selected.

SQL> select employee_id,last_name,department_name
  2  from   employees;
select employee_id,last_name,department_name
                             *
ERROR at line 1:
ORA-00904: "DEPARTMENT_NAME": invalid identifier 


SQL> employees
SP2-0042: unknown command "employees" - rest of line ignored.
SQL> 
SQL> 
SQL> cl scr

SQL> select employee_id,last_name,department_name
  2  from   employees,departments
  3  where  employees.department_id = departments.department_id;

EMPLOYEE_ID LAST_NAME       DEPARTMENT_NAME                                     
----------- --------------- ------------------------------                      
        200 Whalen          Administration                                      
        201 Hartstein       Marketing                                           
        202 Fay             Marketing                                           
        114 Raphaely        Purchasing                                          
        115 Khoo            Purchasing                                          
        116 Baida           Purchasing                                          
        117 Tobias          Purchasing                                          
        118 Himuro          Purchasing                                          
        119 Colmenares      Purchasing                                          
        203 Mavris          Human Resources                                     
        120 Weiss           Shipping                                            

EMPLOYEE_ID LAST_NAME       DEPARTMENT_NAME                                     
----------- --------------- ------------------------------                      
        121 Fripp           Shipping                                            
        122 Kaufling        Shipping                                            
        123 Vollman         Shipping                                            
        124 Mourgos         Shipping                                            
        125 Nayer           Shipping                                            
        126 Mikkilineni     Shipping                                            
        127 Landry          Shipping                                            
        128 Markle          Shipping                                            
        129 Bissot          Shipping                                            
        130 Atkinson        Shipping                                            
        131 Marlow          Shipping                                            

EMPLOYEE_ID LAST_NAME       DEPARTMENT_NAME                                     
----------- --------------- ------------------------------                      
        132 Olson           Shipping                                            
        133 Mallin          Shipping                                            
        134 Rogers          Shipping                                            
        135 Gee             Shipping                                            
        136 Philtanker      Shipping                                            
        137 Ladwig          Shipping                                            
        138 Stiles          Shipping                                            
        139 Seo             Shipping                                            
        140 Patel           Shipping                                            
        141 Rajs            Shipping                                            
        142 Davies          Shipping                                            

EMPLOYEE_ID LAST_NAME       DEPARTMENT_NAME                                     
----------- --------------- ------------------------------                      
        143 Matos           Shipping                                            
        144 Vargas          Shipping                                            
        180 Taylor          Shipping                                            
        181 Fleaur          Shipping                                            
        182 Sullivan        Shipping                                            
        183 Geoni           Shipping                                            
        184 Sarchand        Shipping                                            
        185 Bull            Shipping                                            
        186 Dellinger       Shipping                                            
        187 Cabrio          Shipping                                            
        188 Chung           Shipping                                            

EMPLOYEE_ID LAST_NAME       DEPARTMENT_NAME                                     
----------- --------------- ------------------------------                      
        189 Dilly           Shipping                                            
        190 Gates           Shipping                                            
        191 Perkins         Shipping                                            
        192 Bell            Shipping                                            
        193 Everett         Shipping                                            
        194 McCain          Shipping                                            
        195 Jones           Shipping                                            
        196 Walsh           Shipping                                            
        197 Feeney          Shipping                                            
        198 OConnell        Shipping                                            
        199 Grant           Shipping                                            

EMPLOYEE_ID LAST_NAME       DEPARTMENT_NAME                                     
----------- --------------- ------------------------------                      
        103 Hunold          IT                                                  
        104 Ernst           IT                                                  
        105 Austin          IT                                                  
        106 Pataballa       IT                                                  
        107 Lorentz         IT                                                  
        204 Baer            Public Relations                                    
        145 Russell         Sales                                               
        146 Partners        Sales                                               
        147 Errazuriz       Sales                                               
        148 Cambrault       Sales                                               
        149 Zlotkey         Sales                                               

EMPLOYEE_ID LAST_NAME       DEPARTMENT_NAME                                     
----------- --------------- ------------------------------                      
        150 Tucker          Sales                                               
        151 Bernstein       Sales                                               
        152 Hall            Sales                                               
        153 Olsen           Sales                                               
        154 Cambrault       Sales                                               
        155 Tuvault         Sales                                               
        156 King            Sales                                               
        157 Sully           Sales                                               
        158 McEwen          Sales                                               
        159 Smith           Sales                                               
        160 Doran           Sales                                               

EMPLOYEE_ID LAST_NAME       DEPARTMENT_NAME                                     
----------- --------------- ------------------------------                      
        161 Sewall          Sales                                               
        162 Vishney         Sales                                               
        163 Greene          Sales                                               
        164 Marvins         Sales                                               
        165 Lee             Sales                                               
        166 Ande            Sales                                               
        167 Banda           Sales                                               
        168 Ozer            Sales                                               
        169 Bloom           Sales                                               
        170 Fox             Sales                                               
        171 Smith           Sales                                               

EMPLOYEE_ID LAST_NAME       DEPARTMENT_NAME                                     
----------- --------------- ------------------------------                      
        172 Bates           Sales                                               
        173 Kumar           Sales                                               
        174 Abel            Sales                                               
        175 Hutton          Sales                                               
        176 Taylor          Sales                                               
        177 Livingston      Sales                                               
        179 Johnson         Sales                                               
        100 King            Executive                                           
        101 Kochhar         Executive                                           
        102 De Haan         Executive                                           
        108 Greenberg       Finance                                             

EMPLOYEE_ID LAST_NAME       DEPARTMENT_NAME                                     
----------- --------------- ------------------------------                      
        109 Faviet          Finance                                             
        110 Chen            Finance                                             
        111 Sciarra         Finance                                             
        112 Urman           Finance                                             
        113 Popp            Finance                                             
        205 Higgins         Accounting                                          
        206 Gietz           Accounting                                          

106 rows selected.

SQL> select employee_id eid,last_name ename,department_name dname
  2  from   employees e,departments d
  3  where  e.department_id = d.department_id;

       EID ENAME                     DNAME                                      
---------- ------------------------- ------------------------------             
       200 Whalen                    Administration                             
       201 Hartstein                 Marketing                                  
       202 Fay                       Marketing                                  
       114 Raphaely                  Purchasing                                 
       115 Khoo                      Purchasing                                 
       116 Baida                     Purchasing                                 
       117 Tobias                    Purchasing                                 
       118 Himuro                    Purchasing                                 
       119 Colmenares                Purchasing                                 
       203 Mavris                    Human Resources                            
       120 Weiss                     Shipping                                   

       EID ENAME                     DNAME                                      
---------- ------------------------- ------------------------------             
       121 Fripp                     Shipping                                   
       122 Kaufling                  Shipping                                   
       123 Vollman                   Shipping                                   
       124 Mourgos                   Shipping                                   
       125 Nayer                     Shipping                                   
       126 Mikkilineni               Shipping                                   
       127 Landry                    Shipping                                   
       128 Markle                    Shipping                                   
       129 Bissot                    Shipping                                   
       130 Atkinson                  Shipping                                   
       131 Marlow                    Shipping                                   

       EID ENAME                     DNAME                                      
---------- ------------------------- ------------------------------             
       132 Olson                     Shipping                                   
       133 Mallin                    Shipping                                   
       134 Rogers                    Shipping                                   
       135 Gee                       Shipping                                   
       136 Philtanker                Shipping                                   
       137 Ladwig                    Shipping                                   
       138 Stiles                    Shipping                                   
       139 Seo                       Shipping                                   
       140 Patel                     Shipping                                   
       141 Rajs                      Shipping                                   
       142 Davies                    Shipping                                   

       EID ENAME                     DNAME                                      
---------- ------------------------- ------------------------------             
       143 Matos                     Shipping                                   
       144 Vargas                    Shipping                                   
       180 Taylor                    Shipping                                   
       181 Fleaur                    Shipping                                   
       182 Sullivan                  Shipping                                   
       183 Geoni                     Shipping                                   
       184 Sarchand                  Shipping                                   
       185 Bull                      Shipping                                   
       186 Dellinger                 Shipping                                   
       187 Cabrio                    Shipping                                   
       188 Chung                     Shipping                                   

       EID ENAME                     DNAME                                      
---------- ------------------------- ------------------------------             
       189 Dilly                     Shipping                                   
       190 Gates                     Shipping                                   
       191 Perkins                   Shipping                                   
       192 Bell                      Shipping                                   
       193 Everett                   Shipping                                   
       194 McCain                    Shipping                                   
       195 Jones                     Shipping                                   
       196 Walsh                     Shipping                                   
       197 Feeney                    Shipping                                   
       198 OConnell                  Shipping                                   
       199 Grant                     Shipping                                   

       EID ENAME                     DNAME                                      
---------- ------------------------- ------------------------------             
       103 Hunold                    IT                                         
       104 Ernst                     IT                                         
       105 Austin                    IT                                         
       106 Pataballa                 IT                                         
       107 Lorentz                   IT                                         
       204 Baer                      Public Relations                           
       145 Russell                   Sales                                      
       146 Partners                  Sales                                      
       147 Errazuriz                 Sales                                      
       148 Cambrault                 Sales                                      
       149 Zlotkey                   Sales                                      

       EID ENAME                     DNAME                                      
---------- ------------------------- ------------------------------             
       150 Tucker                    Sales                                      
       151 Bernstein                 Sales                                      
       152 Hall                      Sales                                      
       153 Olsen                     Sales                                      
       154 Cambrault                 Sales                                      
       155 Tuvault                   Sales                                      
       156 King                      Sales                                      
       157 Sully                     Sales                                      
       158 McEwen                    Sales                                      
       159 Smith                     Sales                                      
       160 Doran                     Sales                                      

       EID ENAME                     DNAME                                      
---------- ------------------------- ------------------------------             
       161 Sewall                    Sales                                      
       162 Vishney                   Sales                                      
       163 Greene                    Sales                                      
       164 Marvins                   Sales                                      
       165 Lee                       Sales                                      
       166 Ande                      Sales                                      
       167 Banda                     Sales                                      
       168 Ozer                      Sales                                      
       169 Bloom                     Sales                                      
       170 Fox                       Sales                                      
       171 Smith                     Sales                                      

       EID ENAME                     DNAME                                      
---------- ------------------------- ------------------------------             
       172 Bates                     Sales                                      
       173 Kumar                     Sales                                      
       174 Abel                      Sales                                      
       175 Hutton                    Sales                                      
       176 Taylor                    Sales                                      
       177 Livingston                Sales                                      
       179 Johnson                   Sales                                      
       100 King                      Executive                                  
       101 Kochhar                   Executive                                  
       102 De Haan                   Executive                                  
       108 Greenberg                 Finance                                    

       EID ENAME                     DNAME                                      
---------- ------------------------- ------------------------------             
       109 Faviet                    Finance                                    
       110 Chen                      Finance                                    
       111 Sciarra                   Finance                                    
       112 Urman                     Finance                                    
       113 Popp                      Finance                                    
       205 Higgins                   Accounting                                 
       206 Gietz                     Accounting                                 

106 rows selected.

SQL> select employee_id eid,last_name ename,department_name dname,
  2         department_id
  3  from   employees e,departments d
  4  where  e.department_id = d.department_id;
       department_id
       *
ERROR at line 2:
ORA-00918: column ambiguously defined 


SQL> select employee_id eid,last_name ename,department_name dname,
  2         e.department_id
  3  from   employees e,departments d
  4  where  e.department_id = d.department_id;

       EID ENAME                     DNAME                                      
---------- ------------------------- ------------------------------             
DEPARTMENT_ID                                                                   
-------------                                                                   
       200 Whalen                    Administration                             
           10                                                                   
                                                                                
       201 Hartstein                 Marketing                                  
           20                                                                   
                                                                                
       202 Fay                       Marketing                                  
           20                                                                   
                                                                                

       EID ENAME                     DNAME                                      
---------- ------------------------- ------------------------------             
DEPARTMENT_ID                                                                   
-------------                                                                   
       114 Raphaely                  Purchasing                                 
           30                                                                   
                                                                                
       115 Khoo                      Purchasing                                 
           30                                                                   
                                                                                
       116 Baida                     Purchasing                                 
           30                                                                   
                                                                                

       EID ENAME                     DNAME                                      
---------- ------------------------- ------------------------------             
DEPARTMENT_ID                                                                   
-------------                                                                   
       117 Tobias                    Purchasing                                 
           30                                                                   
                                                                                
       118 Himuro                    Purchasing                                 
           30                                                                   
                                                                                
       119 Colmenares                Purchasing                                 
           30                                                                   
                                                                                

       EID ENAME                     DNAME                                      
---------- ------------------------- ------------------------------             
DEPARTMENT_ID                                                                   
-------------                                                                   
       203 Mavris                    Human Resources                            
           40                                                                   
                                                                                
       120 Weiss                     Shipping                                   
           50                                                                   
                                                                                
       121 Fripp                     Shipping                                   
           50                                                                   
                                                                                

       EID ENAME                     DNAME                                      
---------- ------------------------- ------------------------------             
DEPARTMENT_ID                                                                   
-------------                                                                   
       122 Kaufling                  Shipping                                   
           50                                                                   
                                                                                
       123 Vollman                   Shipping                                   
           50                                                                   
                                                                                
       124 Mourgos                   Shipping                                   
           50                                                                   
                                                                                

       EID ENAME                     DNAME                                      
---------- ------------------------- ------------------------------             
DEPARTMENT_ID                                                                   
-------------                                                                   
       125 Nayer                     Shipping                                   
           50                                                                   
                                                                                
       126 Mikkilineni               Shipping                                   
           50                                                                   
                                                                                
       127 Landry                    Shipping                                   
           50                                                                   
                                                                                

       EID ENAME                     DNAME                                      
---------- ------------------------- ------------------------------             
DEPARTMENT_ID                                                                   
-------------                                                                   
       128 Markle                    Shipping                                   
           50                                                                   
                                                                                
       129 Bissot                    Shipping                                   
           50                                                                   
                                                                                
       130 Atkinson                  Shipping                                   
           50                                                                   
                                                                                

       EID ENAME                     DNAME                                      
---------- ------------------------- ------------------------------             
DEPARTMENT_ID                                                                   
-------------                                                                   
       131 Marlow                    Shipping                                   
           50                                                                   
                                                                                
       132 Olson                     Shipping                                   
           50                                                                   
                                                                                
       133 Mallin                    Shipping                                   
           50                                                                   
                                                                                

       EID ENAME                     DNAME                                      
---------- ------------------------- ------------------------------             
DEPARTMENT_ID                                                                   
-------------                                                                   
       134 Rogers                    Shipping                                   
           50                                                                   
                                                                                
       135 Gee                       Shipping                                   
           50                                                                   
                                                                                
       136 Philtanker                Shipping                                   
           50                                                                   
                                                                                

       EID ENAME                     DNAME                                      
---------- ------------------------- ------------------------------             
DEPARTMENT_ID                                                                   
-------------                                                                   
       137 Ladwig                    Shipping                                   
           50                                                                   
                                                                                
       138 Stiles                    Shipping                                   
           50                                                                   
                                                                                
       139 Seo                       Shipping                                   
           50                                                                   
                                                                                

       EID ENAME                     DNAME                                      
---------- ------------------------- ------------------------------             
DEPARTMENT_ID                                                                   
-------------                                                                   
       140 Patel                     Shipping                                   
           50                                                                   
                                                                                
       141 Rajs                      Shipping                                   
           50                                                                   
                                                                                
       142 Davies                    Shipping                                   
           50                                                                   
                                                                                

       EID ENAME                     DNAME                                      
---------- ------------------------- ------------------------------             
DEPARTMENT_ID                                                                   
-------------                                                                   
       143 Matos                     Shipping                                   
           50                                                                   
                                                                                
       144 Vargas                    Shipping                                   
           50                                                                   
                                                                                
       180 Taylor                    Shipping                                   
           50                                                                   
                                                                                

       EID ENAME                     DNAME                                      
---------- ------------------------- ------------------------------             
DEPARTMENT_ID                                                                   
-------------                                                                   
       181 Fleaur                    Shipping                                   
           50                                                                   
                                                                                
       182 Sullivan                  Shipping                                   
           50                                                                   
                                                                                
       183 Geoni                     Shipping                                   
           50                                                                   
                                                                                

       EID ENAME                     DNAME                                      
---------- ------------------------- ------------------------------             
DEPARTMENT_ID                                                                   
-------------                                                                   
       184 Sarchand                  Shipping                                   
           50                                                                   
                                                                                
       185 Bull                      Shipping                                   
           50                                                                   
                                                                                
       186 Dellinger                 Shipping                                   
           50                                                                   
                                                                                

       EID ENAME                     DNAME                                      
---------- ------------------------- ------------------------------             
DEPARTMENT_ID                                                                   
-------------                                                                   
       187 Cabrio                    Shipping                                   
           50                                                                   
                                                                                
       188 Chung                     Shipping                                   
           50                                                                   
                                                                                
       189 Dilly                     Shipping                                   
           50                                                                   
                                                                                

       EID ENAME                     DNAME                                      
---------- ------------------------- ------------------------------             
DEPARTMENT_ID                                                                   
-------------                                                                   
       190 Gates                     Shipping                                   
           50                                                                   
                                                                                
       191 Perkins                   Shipping                                   
           50                                                                   
                                                                                
       192 Bell                      Shipping                                   
           50                                                                   
                                                                                

       EID ENAME                     DNAME                                      
---------- ------------------------- ------------------------------             
DEPARTMENT_ID                                                                   
-------------                                                                   
       193 Everett                   Shipping                                   
           50                                                                   
                                                                                
       194 McCain                    Shipping                                   
           50                                                                   
                                                                                
       195 Jones                     Shipping                                   
           50                                                                   
                                                                                

       EID ENAME                     DNAME                                      
---------- ------------------------- ------------------------------             
DEPARTMENT_ID                                                                   
-------------                                                                   
       196 Walsh                     Shipping                                   
           50                                                                   
                                                                                
       197 Feeney                    Shipping                                   
           50                                                                   
                                                                                
       198 OConnell                  Shipping                                   
           50                                                                   
                                                                                

       EID ENAME                     DNAME                                      
---------- ------------------------- ------------------------------             
DEPARTMENT_ID                                                                   
-------------                                                                   
       199 Grant                     Shipping                                   
           50                                                                   
                                                                                
       103 Hunold                    IT                                         
           60                                                                   
                                                                                
       104 Ernst                     IT                                         
           60                                                                   
                                                                                

       EID ENAME                     DNAME                                      
---------- ------------------------- ------------------------------             
DEPARTMENT_ID                                                                   
-------------                                                                   
       105 Austin                    IT                                         
           60                                                                   
                                                                                
       106 Pataballa                 IT                                         
           60                                                                   
                                                                                
       107 Lorentz                   IT                                         
           60                                                                   
                                                                                

       EID ENAME                     DNAME                                      
---------- ------------------------- ------------------------------             
DEPARTMENT_ID                                                                   
-------------                                                                   
       204 Baer                      Public Relations                           
           70                                                                   
                                                                                
       145 Russell                   Sales                                      
           80                                                                   
                                                                                
       146 Partners                  Sales                                      
           80                                                                   
                                                                                

       EID ENAME                     DNAME                                      
---------- ------------------------- ------------------------------             
DEPARTMENT_ID                                                                   
-------------                                                                   
       147 Errazuriz                 Sales                                      
           80                                                                   
                                                                                
       148 Cambrault                 Sales                                      
           80                                                                   
                                                                                
       149 Zlotkey                   Sales                                      
           80                                                                   
                                                                                

       EID ENAME                     DNAME                                      
---------- ------------------------- ------------------------------             
DEPARTMENT_ID                                                                   
-------------                                                                   
       150 Tucker                    Sales                                      
           80                                                                   
                                                                                
       151 Bernstein                 Sales                                      
           80                                                                   
                                                                                
       152 Hall                      Sales                                      
           80                                                                   
                                                                                

       EID ENAME                     DNAME                                      
---------- ------------------------- ------------------------------             
DEPARTMENT_ID                                                                   
-------------                                                                   
       153 Olsen                     Sales                                      
           80                                                                   
                                                                                
       154 Cambrault                 Sales                                      
           80                                                                   
                                                                                
       155 Tuvault                   Sales                                      
           80                                                                   
                                                                                

       EID ENAME                     DNAME                                      
---------- ------------------------- ------------------------------             
DEPARTMENT_ID                                                                   
-------------                                                                   
       156 King                      Sales                                      
           80                                                                   
                                                                                
       157 Sully                     Sales                                      
           80                                                                   
                                                                                
       158 McEwen                    Sales                                      
           80                                                                   
                                                                                

       EID ENAME                     DNAME                                      
---------- ------------------------- ------------------------------             
DEPARTMENT_ID                                                                   
-------------                                                                   
       159 Smith                     Sales                                      
           80                                                                   
                                                                                
       160 Doran                     Sales                                      
           80                                                                   
                                                                                
       161 Sewall                    Sales                                      
           80                                                                   
                                                                                

       EID ENAME                     DNAME                                      
---------- ------------------------- ------------------------------             
DEPARTMENT_ID                                                                   
-------------                                                                   
       162 Vishney                   Sales                                      
           80                                                                   
                                                                                
       163 Greene                    Sales                                      
           80                                                                   
                                                                                
       164 Marvins                   Sales                                      
           80                                                                   
                                                                                

       EID ENAME                     DNAME                                      
---------- ------------------------- ------------------------------             
DEPARTMENT_ID                                                                   
-------------                                                                   
       165 Lee                       Sales                                      
           80                                                                   
                                                                                
       166 Ande                      Sales                                      
           80                                                                   
                                                                                
       167 Banda                     Sales                                      
           80                                                                   
                                                                                

       EID ENAME                     DNAME                                      
---------- ------------------------- ------------------------------             
DEPARTMENT_ID                                                                   
-------------                                                                   
       168 Ozer                      Sales                                      
           80                                                                   
                                                                                
       169 Bloom                     Sales                                      
           80                                                                   
                                                                                
       170 Fox                       Sales                                      
           80                                                                   
                                                                                

       EID ENAME                     DNAME                                      
---------- ------------------------- ------------------------------             
DEPARTMENT_ID                                                                   
-------------                                                                   
       171 Smith                     Sales                                      
           80                                                                   
                                                                                
       172 Bates                     Sales                                      
           80                                                                   
                                                                                
       173 Kumar                     Sales                                      
           80                                                                   
                                                                                

       EID ENAME                     DNAME                                      
---------- ------------------------- ------------------------------             
DEPARTMENT_ID                                                                   
-------------                                                                   
       174 Abel                      Sales                                      
           80                                                                   
                                                                                
       175 Hutton                    Sales                                      
           80                                                                   
                                                                                
       176 Taylor                    Sales                                      
           80                                                                   
                                                                                

       EID ENAME                     DNAME                                      
---------- ------------------------- ------------------------------             
DEPARTMENT_ID                                                                   
-------------                                                                   
       177 Livingston                Sales                                      
           80                                                                   
                                                                                
       179 Johnson                   Sales                                      
           80                                                                   
                                                                                
       100 King                      Executive                                  
           90                                                                   
                                                                                

       EID ENAME                     DNAME                                      
---------- ------------------------- ------------------------------             
DEPARTMENT_ID                                                                   
-------------                                                                   
       101 Kochhar                   Executive                                  
           90                                                                   
                                                                                
       102 De Haan                   Executive                                  
           90                                                                   
                                                                                
       108 Greenberg                 Finance                                    
          100                                                                   
                                                                                

       EID ENAME                     DNAME                                      
---------- ------------------------- ------------------------------             
DEPARTMENT_ID                                                                   
-------------                                                                   
       109 Faviet                    Finance                                    
          100                                                                   
                                                                                
       110 Chen                      Finance                                    
          100                                                                   
                                                                                
       111 Sciarra                   Finance                                    
          100                                                                   
                                                                                

       EID ENAME                     DNAME                                      
---------- ------------------------- ------------------------------             
DEPARTMENT_ID                                                                   
-------------                                                                   
       112 Urman                     Finance                                    
          100                                                                   
                                                                                
       113 Popp                      Finance                                    
          100                                                                   
                                                                                
       205 Higgins                   Accounting                                 
          110                                                                   
                                                                                

       EID ENAME                     DNAME                                      
---------- ------------------------- ------------------------------             
DEPARTMENT_ID                                                                   
-------------                                                                   
       206 Gietz                     Accounting                                 
          110                                                                   
                                                                                

106 rows selected.

SQL> select employee_id eid,last_name ename,department_name dname,
  2         e.department_id,city
  3  from   employees e,departments d
  4  where  e.department_id = d.department_id;
       e.department_id,city
                       *
ERROR at line 2:
ORA-00904: "CITY": invalid identifier 


SQL> select employee_id eid,last_name ename,region_name
  2  from   employees e,departments d,locations l,countries c,regions r
  3  where  e.department_id = d.department_id
  4  and    d.location_id=l.location_id
  5  and    l.country_id=c.country_id
  6  and    c.region_id=r.region_id;

       EID ENAME                     REGION_NAME                                
---------- ------------------------- -------------------------                  
       100 King                      Americas                                   
       101 Kochhar                   Americas                                   
       102 De Haan                   Americas                                   
       103 Hunold                    Americas                                   
       104 Ernst                     Americas                                   
       105 Austin                    Americas                                   
       106 Pataballa                 Americas                                   
       107 Lorentz                   Americas                                   
       108 Greenberg                 Americas                                   
       109 Faviet                    Americas                                   
       110 Chen                      Americas                                   

       EID ENAME                     REGION_NAME                                
---------- ------------------------- -------------------------                  
       111 Sciarra                   Americas                                   
       112 Urman                     Americas                                   
       113 Popp                      Americas                                   
       114 Raphaely                  Americas                                   
       115 Khoo                      Americas                                   
       116 Baida                     Americas                                   
       117 Tobias                    Americas                                   
       118 Himuro                    Americas                                   
       119 Colmenares                Americas                                   
       120 Weiss                     Americas                                   
       121 Fripp                     Americas                                   

       EID ENAME                     REGION_NAME                                
---------- ------------------------- -------------------------                  
       122 Kaufling                  Americas                                   
       123 Vollman                   Americas                                   
       124 Mourgos                   Americas                                   
       125 Nayer                     Americas                                   
       126 Mikkilineni               Americas                                   
       127 Landry                    Americas                                   
       128 Markle                    Americas                                   
       129 Bissot                    Americas                                   
       130 Atkinson                  Americas                                   
       131 Marlow                    Americas                                   
       132 Olson                     Americas                                   

       EID ENAME                     REGION_NAME                                
---------- ------------------------- -------------------------                  
       133 Mallin                    Americas                                   
       134 Rogers                    Americas                                   
       135 Gee                       Americas                                   
       136 Philtanker                Americas                                   
       137 Ladwig                    Americas                                   
       138 Stiles                    Americas                                   
       139 Seo                       Americas                                   
       140 Patel                     Americas                                   
       141 Rajs                      Americas                                   
       142 Davies                    Americas                                   
       143 Matos                     Americas                                   

       EID ENAME                     REGION_NAME                                
---------- ------------------------- -------------------------                  
       144 Vargas                    Americas                                   
       145 Russell                   Europe                                     
       146 Partners                  Europe                                     
       147 Errazuriz                 Europe                                     
       148 Cambrault                 Europe                                     
       149 Zlotkey                   Europe                                     
       150 Tucker                    Europe                                     
       151 Bernstein                 Europe                                     
       152 Hall                      Europe                                     
       153 Olsen                     Europe                                     
       154 Cambrault                 Europe                                     

       EID ENAME                     REGION_NAME                                
---------- ------------------------- -------------------------                  
       155 Tuvault                   Europe                                     
       156 King                      Europe                                     
       157 Sully                     Europe                                     
       158 McEwen                    Europe                                     
       159 Smith                     Europe                                     
       160 Doran                     Europe                                     
       161 Sewall                    Europe                                     
       162 Vishney                   Europe                                     
       163 Greene                    Europe                                     
       164 Marvins                   Europe                                     
       165 Lee                       Europe                                     

       EID ENAME                     REGION_NAME                                
---------- ------------------------- -------------------------                  
       166 Ande                      Europe                                     
       167 Banda                     Europe                                     
       168 Ozer                      Europe                                     
       169 Bloom                     Europe                                     
       170 Fox                       Europe                                     
       171 Smith                     Europe                                     
       172 Bates                     Europe                                     
       173 Kumar                     Europe                                     
       174 Abel                      Europe                                     
       175 Hutton                    Europe                                     
       176 Taylor                    Europe                                     

       EID ENAME                     REGION_NAME                                
---------- ------------------------- -------------------------                  
       177 Livingston                Europe                                     
       179 Johnson                   Europe                                     
       180 Taylor                    Americas                                   
       181 Fleaur                    Americas                                   
       182 Sullivan                  Americas                                   
       183 Geoni                     Americas                                   
       184 Sarchand                  Americas                                   
       185 Bull                      Americas                                   
       186 Dellinger                 Americas                                   
       187 Cabrio                    Americas                                   
       188 Chung                     Americas                                   

       EID ENAME                     REGION_NAME                                
---------- ------------------------- -------------------------                  
       189 Dilly                     Americas                                   
       190 Gates                     Americas                                   
       191 Perkins                   Americas                                   
       192 Bell                      Americas                                   
       193 Everett                   Americas                                   
       194 McCain                    Americas                                   
       195 Jones                     Americas                                   
       196 Walsh                     Americas                                   
       197 Feeney                    Americas                                   
       198 OConnell                  Americas                                   
       199 Grant                     Americas                                   

       EID ENAME                     REGION_NAME                                
---------- ------------------------- -------------------------                  
       200 Whalen                    Americas                                   
       201 Hartstein                 Americas                                   
       202 Fay                       Americas                                   
       203 Mavris                    Europe                                     
       204 Baer                      Europe                                     
       205 Higgins                   Americas                                   
       206 Gietz                     Americas                                   

106 rows selected.

SQL> cl scr

SQL> spool off
